| examples/C.java:7:14:7:14 | C | examples/C.java:14:9:14:14 | this.y | examples/C.java:15:9:15:14 | this.y |
| examples/C.java:7:14:7:14 | C | examples/C.java:14:9:14:14 | this.y | examples/C.java:16:9:16:14 | this.y |
| examples/C.java:7:14:7:14 | C | examples/C.java:14:9:14:14 | this.y | examples/C.java:16:18:16:23 | this.y |
| examples/C.java:7:14:7:14 | C | examples/C.java:14:9:14:14 | this.y | examples/C.java:20:9:20:14 | this.y |
| examples/C.java:7:14:7:14 | C | examples/C.java:14:9:14:14 | this.y | examples/C.java:21:9:21:14 | this.y |
| examples/C.java:7:14:7:14 | C | examples/C.java:14:9:14:14 | this.y | examples/C.java:22:9:22:14 | this.y |
| examples/C.java:7:14:7:14 | C | examples/C.java:14:9:14:14 | this.y | examples/C.java:22:18:22:23 | this.y |
| examples/C.java:7:14:7:14 | C | examples/C.java:14:9:14:14 | this.y | examples/C.java:26:9:26:14 | this.y |
| examples/C.java:7:14:7:14 | C | examples/C.java:14:9:14:14 | this.y | examples/C.java:30:13:30:13 | y |
| examples/C.java:7:14:7:14 | C | examples/C.java:14:9:14:14 | this.y | examples/C.java:33:9:33:9 | y |
| examples/C.java:7:14:7:14 | C | examples/C.java:14:9:14:14 | this.y | examples/C.java:39:9:39:14 | this.y |
| examples/C.java:7:14:7:14 | C | examples/C.java:14:9:14:14 | this.y | examples/C.java:40:9:40:14 | this.y |
| examples/C.java:7:14:7:14 | C | examples/C.java:14:9:14:14 | this.y | examples/C.java:41:9:41:14 | this.y |
| examples/C.java:7:14:7:14 | C | examples/C.java:14:9:14:14 | this.y | examples/C.java:41:18:41:23 | this.y |
| examples/C.java:7:14:7:14 | C | examples/C.java:14:9:14:14 | this.y | examples/C.java:53:9:53:14 | this.y |
| examples/C.java:7:14:7:14 | C | examples/C.java:14:9:14:14 | this.y | examples/C.java:54:9:54:14 | this.y |
| examples/C.java:7:14:7:14 | C | examples/C.java:14:9:14:14 | this.y | examples/C.java:55:9:55:14 | this.y |
| examples/C.java:7:14:7:14 | C | examples/C.java:14:9:14:14 | this.y | examples/C.java:55:18:55:23 | this.y |
| examples/C.java:7:14:7:14 | C | examples/C.java:14:9:14:14 | this.y | examples/C.java:61:9:61:9 | y |
| examples/C.java:7:14:7:14 | C | examples/C.java:14:9:14:14 | this.y | examples/C.java:62:9:62:9 | y |
| examples/C.java:7:14:7:14 | C | examples/C.java:14:9:14:14 | this.y | examples/C.java:63:9:63:9 | y |
| examples/C.java:7:14:7:14 | C | examples/C.java:14:9:14:14 | this.y | examples/C.java:63:13:63:13 | y |
| examples/C.java:7:14:7:14 | C | examples/C.java:15:9:15:14 | this.y | examples/C.java:14:9:14:14 | this.y |
| examples/C.java:7:14:7:14 | C | examples/C.java:15:9:15:14 | this.y | examples/C.java:16:9:16:14 | this.y |
| examples/C.java:7:14:7:14 | C | examples/C.java:15:9:15:14 | this.y | examples/C.java:16:18:16:23 | this.y |
| examples/C.java:7:14:7:14 | C | examples/C.java:15:9:15:14 | this.y | examples/C.java:20:9:20:14 | this.y |
| examples/C.java:7:14:7:14 | C | examples/C.java:15:9:15:14 | this.y | examples/C.java:21:9:21:14 | this.y |
| examples/C.java:7:14:7:14 | C | examples/C.java:15:9:15:14 | this.y | examples/C.java:22:9:22:14 | this.y |
| examples/C.java:7:14:7:14 | C | examples/C.java:15:9:15:14 | this.y | examples/C.java:22:18:22:23 | this.y |
| examples/C.java:7:14:7:14 | C | examples/C.java:15:9:15:14 | this.y | examples/C.java:26:9:26:14 | this.y |
| examples/C.java:7:14:7:14 | C | examples/C.java:15:9:15:14 | this.y | examples/C.java:30:13:30:13 | y |
| examples/C.java:7:14:7:14 | C | examples/C.java:15:9:15:14 | this.y | examples/C.java:33:9:33:9 | y |
| examples/C.java:7:14:7:14 | C | examples/C.java:15:9:15:14 | this.y | examples/C.java:39:9:39:14 | this.y |
| examples/C.java:7:14:7:14 | C | examples/C.java:15:9:15:14 | this.y | examples/C.java:40:9:40:14 | this.y |
| examples/C.java:7:14:7:14 | C | examples/C.java:15:9:15:14 | this.y | examples/C.java:41:9:41:14 | this.y |
| examples/C.java:7:14:7:14 | C | examples/C.java:15:9:15:14 | this.y | examples/C.java:41:18:41:23 | this.y |
| examples/C.java:7:14:7:14 | C | examples/C.java:15:9:15:14 | this.y | examples/C.java:53:9:53:14 | this.y |
| examples/C.java:7:14:7:14 | C | examples/C.java:15:9:15:14 | this.y | examples/C.java:54:9:54:14 | this.y |
| examples/C.java:7:14:7:14 | C | examples/C.java:15:9:15:14 | this.y | examples/C.java:55:9:55:14 | this.y |
| examples/C.java:7:14:7:14 | C | examples/C.java:15:9:15:14 | this.y | examples/C.java:55:18:55:23 | this.y |
| examples/C.java:7:14:7:14 | C | examples/C.java:15:9:15:14 | this.y | examples/C.java:61:9:61:9 | y |
| examples/C.java:7:14:7:14 | C | examples/C.java:15:9:15:14 | this.y | examples/C.java:62:9:62:9 | y |
| examples/C.java:7:14:7:14 | C | examples/C.java:15:9:15:14 | this.y | examples/C.java:63:9:63:9 | y |
| examples/C.java:7:14:7:14 | C | examples/C.java:15:9:15:14 | this.y | examples/C.java:63:13:63:13 | y |
| examples/C.java:7:14:7:14 | C | examples/C.java:16:9:16:14 | this.y | examples/C.java:14:9:14:14 | this.y |
| examples/C.java:7:14:7:14 | C | examples/C.java:16:9:16:14 | this.y | examples/C.java:15:9:15:14 | this.y |
| examples/C.java:7:14:7:14 | C | examples/C.java:16:9:16:14 | this.y | examples/C.java:16:18:16:23 | this.y |
| examples/C.java:7:14:7:14 | C | examples/C.java:16:9:16:14 | this.y | examples/C.java:20:9:20:14 | this.y |
| examples/C.java:7:14:7:14 | C | examples/C.java:16:9:16:14 | this.y | examples/C.java:21:9:21:14 | this.y |
| examples/C.java:7:14:7:14 | C | examples/C.java:16:9:16:14 | this.y | examples/C.java:22:9:22:14 | this.y |
| examples/C.java:7:14:7:14 | C | examples/C.java:16:9:16:14 | this.y | examples/C.java:22:18:22:23 | this.y |
| examples/C.java:7:14:7:14 | C | examples/C.java:16:9:16:14 | this.y | examples/C.java:26:9:26:14 | this.y |
| examples/C.java:7:14:7:14 | C | examples/C.java:16:9:16:14 | this.y | examples/C.java:30:13:30:13 | y |
| examples/C.java:7:14:7:14 | C | examples/C.java:16:9:16:14 | this.y | examples/C.java:33:9:33:9 | y |
| examples/C.java:7:14:7:14 | C | examples/C.java:16:9:16:14 | this.y | examples/C.java:39:9:39:14 | this.y |
| examples/C.java:7:14:7:14 | C | examples/C.java:16:9:16:14 | this.y | examples/C.java:40:9:40:14 | this.y |
| examples/C.java:7:14:7:14 | C | examples/C.java:16:9:16:14 | this.y | examples/C.java:41:9:41:14 | this.y |
| examples/C.java:7:14:7:14 | C | examples/C.java:16:9:16:14 | this.y | examples/C.java:41:18:41:23 | this.y |
| examples/C.java:7:14:7:14 | C | examples/C.java:16:9:16:14 | this.y | examples/C.java:53:9:53:14 | this.y |
| examples/C.java:7:14:7:14 | C | examples/C.java:16:9:16:14 | this.y | examples/C.java:54:9:54:14 | this.y |
| examples/C.java:7:14:7:14 | C | examples/C.java:16:9:16:14 | this.y | examples/C.java:55:9:55:14 | this.y |
| examples/C.java:7:14:7:14 | C | examples/C.java:16:9:16:14 | this.y | examples/C.java:55:18:55:23 | this.y |
| examples/C.java:7:14:7:14 | C | examples/C.java:16:9:16:14 | this.y | examples/C.java:61:9:61:9 | y |
| examples/C.java:7:14:7:14 | C | examples/C.java:16:9:16:14 | this.y | examples/C.java:62:9:62:9 | y |
| examples/C.java:7:14:7:14 | C | examples/C.java:16:9:16:14 | this.y | examples/C.java:63:9:63:9 | y |
| examples/C.java:7:14:7:14 | C | examples/C.java:16:9:16:14 | this.y | examples/C.java:63:13:63:13 | y |
| examples/C.java:7:14:7:14 | C | examples/C.java:20:9:20:14 | this.y | examples/C.java:14:9:14:14 | this.y |
| examples/C.java:7:14:7:14 | C | examples/C.java:20:9:20:14 | this.y | examples/C.java:15:9:15:14 | this.y |
| examples/C.java:7:14:7:14 | C | examples/C.java:20:9:20:14 | this.y | examples/C.java:16:9:16:14 | this.y |
| examples/C.java:7:14:7:14 | C | examples/C.java:20:9:20:14 | this.y | examples/C.java:16:18:16:23 | this.y |
| examples/C.java:7:14:7:14 | C | examples/C.java:20:9:20:14 | this.y | examples/C.java:21:9:21:14 | this.y |
| examples/C.java:7:14:7:14 | C | examples/C.java:20:9:20:14 | this.y | examples/C.java:22:9:22:14 | this.y |
| examples/C.java:7:14:7:14 | C | examples/C.java:20:9:20:14 | this.y | examples/C.java:22:18:22:23 | this.y |
| examples/C.java:7:14:7:14 | C | examples/C.java:20:9:20:14 | this.y | examples/C.java:26:9:26:14 | this.y |
| examples/C.java:7:14:7:14 | C | examples/C.java:20:9:20:14 | this.y | examples/C.java:30:13:30:13 | y |
| examples/C.java:7:14:7:14 | C | examples/C.java:20:9:20:14 | this.y | examples/C.java:33:9:33:9 | y |
| examples/C.java:7:14:7:14 | C | examples/C.java:20:9:20:14 | this.y | examples/C.java:39:9:39:14 | this.y |
| examples/C.java:7:14:7:14 | C | examples/C.java:20:9:20:14 | this.y | examples/C.java:40:9:40:14 | this.y |
| examples/C.java:7:14:7:14 | C | examples/C.java:20:9:20:14 | this.y | examples/C.java:41:9:41:14 | this.y |
| examples/C.java:7:14:7:14 | C | examples/C.java:20:9:20:14 | this.y | examples/C.java:41:18:41:23 | this.y |
| examples/C.java:7:14:7:14 | C | examples/C.java:20:9:20:14 | this.y | examples/C.java:53:9:53:14 | this.y |
| examples/C.java:7:14:7:14 | C | examples/C.java:20:9:20:14 | this.y | examples/C.java:54:9:54:14 | this.y |
| examples/C.java:7:14:7:14 | C | examples/C.java:20:9:20:14 | this.y | examples/C.java:55:9:55:14 | this.y |
| examples/C.java:7:14:7:14 | C | examples/C.java:20:9:20:14 | this.y | examples/C.java:55:18:55:23 | this.y |
| examples/C.java:7:14:7:14 | C | examples/C.java:20:9:20:14 | this.y | examples/C.java:61:9:61:9 | y |
| examples/C.java:7:14:7:14 | C | examples/C.java:20:9:20:14 | this.y | examples/C.java:62:9:62:9 | y |
| examples/C.java:7:14:7:14 | C | examples/C.java:20:9:20:14 | this.y | examples/C.java:63:9:63:9 | y |
| examples/C.java:7:14:7:14 | C | examples/C.java:20:9:20:14 | this.y | examples/C.java:63:13:63:13 | y |
| examples/C.java:7:14:7:14 | C | examples/C.java:21:9:21:14 | this.y | examples/C.java:14:9:14:14 | this.y |
| examples/C.java:7:14:7:14 | C | examples/C.java:21:9:21:14 | this.y | examples/C.java:15:9:15:14 | this.y |
| examples/C.java:7:14:7:14 | C | examples/C.java:21:9:21:14 | this.y | examples/C.java:16:9:16:14 | this.y |
| examples/C.java:7:14:7:14 | C | examples/C.java:21:9:21:14 | this.y | examples/C.java:16:18:16:23 | this.y |
| examples/C.java:7:14:7:14 | C | examples/C.java:21:9:21:14 | this.y | examples/C.java:20:9:20:14 | this.y |
| examples/C.java:7:14:7:14 | C | examples/C.java:21:9:21:14 | this.y | examples/C.java:22:9:22:14 | this.y |
| examples/C.java:7:14:7:14 | C | examples/C.java:21:9:21:14 | this.y | examples/C.java:22:18:22:23 | this.y |
| examples/C.java:7:14:7:14 | C | examples/C.java:21:9:21:14 | this.y | examples/C.java:26:9:26:14 | this.y |
| examples/C.java:7:14:7:14 | C | examples/C.java:21:9:21:14 | this.y | examples/C.java:30:13:30:13 | y |
| examples/C.java:7:14:7:14 | C | examples/C.java:21:9:21:14 | this.y | examples/C.java:33:9:33:9 | y |
| examples/C.java:7:14:7:14 | C | examples/C.java:21:9:21:14 | this.y | examples/C.java:39:9:39:14 | this.y |
| examples/C.java:7:14:7:14 | C | examples/C.java:21:9:21:14 | this.y | examples/C.java:40:9:40:14 | this.y |
| examples/C.java:7:14:7:14 | C | examples/C.java:21:9:21:14 | this.y | examples/C.java:41:9:41:14 | this.y |
| examples/C.java:7:14:7:14 | C | examples/C.java:21:9:21:14 | this.y | examples/C.java:41:18:41:23 | this.y |
| examples/C.java:7:14:7:14 | C | examples/C.java:21:9:21:14 | this.y | examples/C.java:53:9:53:14 | this.y |
| examples/C.java:7:14:7:14 | C | examples/C.java:21:9:21:14 | this.y | examples/C.java:54:9:54:14 | this.y |
| examples/C.java:7:14:7:14 | C | examples/C.java:21:9:21:14 | this.y | examples/C.java:55:9:55:14 | this.y |
| examples/C.java:7:14:7:14 | C | examples/C.java:21:9:21:14 | this.y | examples/C.java:55:18:55:23 | this.y |
| examples/C.java:7:14:7:14 | C | examples/C.java:21:9:21:14 | this.y | examples/C.java:61:9:61:9 | y |
| examples/C.java:7:14:7:14 | C | examples/C.java:21:9:21:14 | this.y | examples/C.java:62:9:62:9 | y |
| examples/C.java:7:14:7:14 | C | examples/C.java:21:9:21:14 | this.y | examples/C.java:63:9:63:9 | y |
| examples/C.java:7:14:7:14 | C | examples/C.java:21:9:21:14 | this.y | examples/C.java:63:13:63:13 | y |
| examples/C.java:7:14:7:14 | C | examples/C.java:22:9:22:14 | this.y | examples/C.java:14:9:14:14 | this.y |
| examples/C.java:7:14:7:14 | C | examples/C.java:22:9:22:14 | this.y | examples/C.java:15:9:15:14 | this.y |
| examples/C.java:7:14:7:14 | C | examples/C.java:22:9:22:14 | this.y | examples/C.java:16:9:16:14 | this.y |
| examples/C.java:7:14:7:14 | C | examples/C.java:22:9:22:14 | this.y | examples/C.java:16:18:16:23 | this.y |
| examples/C.java:7:14:7:14 | C | examples/C.java:22:9:22:14 | this.y | examples/C.java:20:9:20:14 | this.y |
| examples/C.java:7:14:7:14 | C | examples/C.java:22:9:22:14 | this.y | examples/C.java:21:9:21:14 | this.y |
| examples/C.java:7:14:7:14 | C | examples/C.java:22:9:22:14 | this.y | examples/C.java:22:18:22:23 | this.y |
| examples/C.java:7:14:7:14 | C | examples/C.java:22:9:22:14 | this.y | examples/C.java:26:9:26:14 | this.y |
| examples/C.java:7:14:7:14 | C | examples/C.java:22:9:22:14 | this.y | examples/C.java:30:13:30:13 | y |
| examples/C.java:7:14:7:14 | C | examples/C.java:22:9:22:14 | this.y | examples/C.java:33:9:33:9 | y |
| examples/C.java:7:14:7:14 | C | examples/C.java:22:9:22:14 | this.y | examples/C.java:39:9:39:14 | this.y |
| examples/C.java:7:14:7:14 | C | examples/C.java:22:9:22:14 | this.y | examples/C.java:40:9:40:14 | this.y |
| examples/C.java:7:14:7:14 | C | examples/C.java:22:9:22:14 | this.y | examples/C.java:41:9:41:14 | this.y |
| examples/C.java:7:14:7:14 | C | examples/C.java:22:9:22:14 | this.y | examples/C.java:41:18:41:23 | this.y |
| examples/C.java:7:14:7:14 | C | examples/C.java:22:9:22:14 | this.y | examples/C.java:53:9:53:14 | this.y |
| examples/C.java:7:14:7:14 | C | examples/C.java:22:9:22:14 | this.y | examples/C.java:54:9:54:14 | this.y |
| examples/C.java:7:14:7:14 | C | examples/C.java:22:9:22:14 | this.y | examples/C.java:55:9:55:14 | this.y |
| examples/C.java:7:14:7:14 | C | examples/C.java:22:9:22:14 | this.y | examples/C.java:55:18:55:23 | this.y |
| examples/C.java:7:14:7:14 | C | examples/C.java:22:9:22:14 | this.y | examples/C.java:61:9:61:9 | y |
| examples/C.java:7:14:7:14 | C | examples/C.java:22:9:22:14 | this.y | examples/C.java:62:9:62:9 | y |
| examples/C.java:7:14:7:14 | C | examples/C.java:22:9:22:14 | this.y | examples/C.java:63:9:63:9 | y |
| examples/C.java:7:14:7:14 | C | examples/C.java:22:9:22:14 | this.y | examples/C.java:63:13:63:13 | y |
| examples/C.java:7:14:7:14 | C | examples/C.java:26:9:26:14 | this.y | examples/C.java:14:9:14:14 | this.y |
| examples/C.java:7:14:7:14 | C | examples/C.java:26:9:26:14 | this.y | examples/C.java:15:9:15:14 | this.y |
| examples/C.java:7:14:7:14 | C | examples/C.java:26:9:26:14 | this.y | examples/C.java:16:9:16:14 | this.y |
| examples/C.java:7:14:7:14 | C | examples/C.java:26:9:26:14 | this.y | examples/C.java:16:18:16:23 | this.y |
| examples/C.java:7:14:7:14 | C | examples/C.java:26:9:26:14 | this.y | examples/C.java:20:9:20:14 | this.y |
| examples/C.java:7:14:7:14 | C | examples/C.java:26:9:26:14 | this.y | examples/C.java:21:9:21:14 | this.y |
| examples/C.java:7:14:7:14 | C | examples/C.java:26:9:26:14 | this.y | examples/C.java:22:9:22:14 | this.y |
| examples/C.java:7:14:7:14 | C | examples/C.java:26:9:26:14 | this.y | examples/C.java:22:18:22:23 | this.y |
| examples/C.java:7:14:7:14 | C | examples/C.java:26:9:26:14 | this.y | examples/C.java:30:13:30:13 | y |
| examples/C.java:7:14:7:14 | C | examples/C.java:26:9:26:14 | this.y | examples/C.java:33:9:33:9 | y |
| examples/C.java:7:14:7:14 | C | examples/C.java:26:9:26:14 | this.y | examples/C.java:39:9:39:14 | this.y |
| examples/C.java:7:14:7:14 | C | examples/C.java:26:9:26:14 | this.y | examples/C.java:40:9:40:14 | this.y |
| examples/C.java:7:14:7:14 | C | examples/C.java:26:9:26:14 | this.y | examples/C.java:41:9:41:14 | this.y |
| examples/C.java:7:14:7:14 | C | examples/C.java:26:9:26:14 | this.y | examples/C.java:41:18:41:23 | this.y |
| examples/C.java:7:14:7:14 | C | examples/C.java:26:9:26:14 | this.y | examples/C.java:53:9:53:14 | this.y |
| examples/C.java:7:14:7:14 | C | examples/C.java:26:9:26:14 | this.y | examples/C.java:54:9:54:14 | this.y |
| examples/C.java:7:14:7:14 | C | examples/C.java:26:9:26:14 | this.y | examples/C.java:55:9:55:14 | this.y |
| examples/C.java:7:14:7:14 | C | examples/C.java:26:9:26:14 | this.y | examples/C.java:55:18:55:23 | this.y |
| examples/C.java:7:14:7:14 | C | examples/C.java:26:9:26:14 | this.y | examples/C.java:61:9:61:9 | y |
| examples/C.java:7:14:7:14 | C | examples/C.java:26:9:26:14 | this.y | examples/C.java:62:9:62:9 | y |
| examples/C.java:7:14:7:14 | C | examples/C.java:26:9:26:14 | this.y | examples/C.java:63:9:63:9 | y |
| examples/C.java:7:14:7:14 | C | examples/C.java:26:9:26:14 | this.y | examples/C.java:63:13:63:13 | y |
| examples/C.java:7:14:7:14 | C | examples/C.java:33:9:33:9 | y | examples/C.java:14:9:14:14 | this.y |
| examples/C.java:7:14:7:14 | C | examples/C.java:33:9:33:9 | y | examples/C.java:15:9:15:14 | this.y |
| examples/C.java:7:14:7:14 | C | examples/C.java:33:9:33:9 | y | examples/C.java:16:9:16:14 | this.y |
| examples/C.java:7:14:7:14 | C | examples/C.java:33:9:33:9 | y | examples/C.java:16:18:16:23 | this.y |
| examples/C.java:7:14:7:14 | C | examples/C.java:33:9:33:9 | y | examples/C.java:20:9:20:14 | this.y |
| examples/C.java:7:14:7:14 | C | examples/C.java:33:9:33:9 | y | examples/C.java:21:9:21:14 | this.y |
| examples/C.java:7:14:7:14 | C | examples/C.java:33:9:33:9 | y | examples/C.java:22:9:22:14 | this.y |
| examples/C.java:7:14:7:14 | C | examples/C.java:33:9:33:9 | y | examples/C.java:22:18:22:23 | this.y |
| examples/C.java:7:14:7:14 | C | examples/C.java:33:9:33:9 | y | examples/C.java:26:9:26:14 | this.y |
| examples/C.java:7:14:7:14 | C | examples/C.java:33:9:33:9 | y | examples/C.java:30:13:30:13 | y |
| examples/C.java:7:14:7:14 | C | examples/C.java:33:9:33:9 | y | examples/C.java:39:9:39:14 | this.y |
| examples/C.java:7:14:7:14 | C | examples/C.java:33:9:33:9 | y | examples/C.java:40:9:40:14 | this.y |
| examples/C.java:7:14:7:14 | C | examples/C.java:33:9:33:9 | y | examples/C.java:41:9:41:14 | this.y |
| examples/C.java:7:14:7:14 | C | examples/C.java:33:9:33:9 | y | examples/C.java:41:18:41:23 | this.y |
| examples/C.java:7:14:7:14 | C | examples/C.java:33:9:33:9 | y | examples/C.java:53:9:53:14 | this.y |
| examples/C.java:7:14:7:14 | C | examples/C.java:33:9:33:9 | y | examples/C.java:54:9:54:14 | this.y |
| examples/C.java:7:14:7:14 | C | examples/C.java:33:9:33:9 | y | examples/C.java:55:9:55:14 | this.y |
| examples/C.java:7:14:7:14 | C | examples/C.java:33:9:33:9 | y | examples/C.java:55:18:55:23 | this.y |
| examples/C.java:7:14:7:14 | C | examples/C.java:33:9:33:9 | y | examples/C.java:61:9:61:9 | y |
| examples/C.java:7:14:7:14 | C | examples/C.java:33:9:33:9 | y | examples/C.java:62:9:62:9 | y |
| examples/C.java:7:14:7:14 | C | examples/C.java:33:9:33:9 | y | examples/C.java:63:9:63:9 | y |
| examples/C.java:7:14:7:14 | C | examples/C.java:33:9:33:9 | y | examples/C.java:63:13:63:13 | y |
| examples/C.java:7:14:7:14 | C | examples/C.java:39:9:39:14 | this.y | examples/C.java:14:9:14:14 | this.y |
| examples/C.java:7:14:7:14 | C | examples/C.java:39:9:39:14 | this.y | examples/C.java:15:9:15:14 | this.y |
| examples/C.java:7:14:7:14 | C | examples/C.java:39:9:39:14 | this.y | examples/C.java:16:9:16:14 | this.y |
| examples/C.java:7:14:7:14 | C | examples/C.java:39:9:39:14 | this.y | examples/C.java:16:18:16:23 | this.y |
| examples/C.java:7:14:7:14 | C | examples/C.java:39:9:39:14 | this.y | examples/C.java:20:9:20:14 | this.y |
| examples/C.java:7:14:7:14 | C | examples/C.java:39:9:39:14 | this.y | examples/C.java:21:9:21:14 | this.y |
| examples/C.java:7:14:7:14 | C | examples/C.java:39:9:39:14 | this.y | examples/C.java:22:9:22:14 | this.y |
| examples/C.java:7:14:7:14 | C | examples/C.java:39:9:39:14 | this.y | examples/C.java:22:18:22:23 | this.y |
| examples/C.java:7:14:7:14 | C | examples/C.java:39:9:39:14 | this.y | examples/C.java:26:9:26:14 | this.y |
| examples/C.java:7:14:7:14 | C | examples/C.java:39:9:39:14 | this.y | examples/C.java:30:13:30:13 | y |
| examples/C.java:7:14:7:14 | C | examples/C.java:39:9:39:14 | this.y | examples/C.java:33:9:33:9 | y |
| examples/C.java:7:14:7:14 | C | examples/C.java:40:9:40:14 | this.y | examples/C.java:14:9:14:14 | this.y |
| examples/C.java:7:14:7:14 | C | examples/C.java:40:9:40:14 | this.y | examples/C.java:15:9:15:14 | this.y |
| examples/C.java:7:14:7:14 | C | examples/C.java:40:9:40:14 | this.y | examples/C.java:16:9:16:14 | this.y |
| examples/C.java:7:14:7:14 | C | examples/C.java:40:9:40:14 | this.y | examples/C.java:16:18:16:23 | this.y |
| examples/C.java:7:14:7:14 | C | examples/C.java:40:9:40:14 | this.y | examples/C.java:20:9:20:14 | this.y |
| examples/C.java:7:14:7:14 | C | examples/C.java:40:9:40:14 | this.y | examples/C.java:21:9:21:14 | this.y |
| examples/C.java:7:14:7:14 | C | examples/C.java:40:9:40:14 | this.y | examples/C.java:22:9:22:14 | this.y |
| examples/C.java:7:14:7:14 | C | examples/C.java:40:9:40:14 | this.y | examples/C.java:22:18:22:23 | this.y |
| examples/C.java:7:14:7:14 | C | examples/C.java:40:9:40:14 | this.y | examples/C.java:26:9:26:14 | this.y |
| examples/C.java:7:14:7:14 | C | examples/C.java:40:9:40:14 | this.y | examples/C.java:30:13:30:13 | y |
| examples/C.java:7:14:7:14 | C | examples/C.java:40:9:40:14 | this.y | examples/C.java:33:9:33:9 | y |
| examples/C.java:7:14:7:14 | C | examples/C.java:41:9:41:14 | this.y | examples/C.java:14:9:14:14 | this.y |
| examples/C.java:7:14:7:14 | C | examples/C.java:41:9:41:14 | this.y | examples/C.java:15:9:15:14 | this.y |
| examples/C.java:7:14:7:14 | C | examples/C.java:41:9:41:14 | this.y | examples/C.java:16:9:16:14 | this.y |
| examples/C.java:7:14:7:14 | C | examples/C.java:41:9:41:14 | this.y | examples/C.java:16:18:16:23 | this.y |
| examples/C.java:7:14:7:14 | C | examples/C.java:41:9:41:14 | this.y | examples/C.java:20:9:20:14 | this.y |
| examples/C.java:7:14:7:14 | C | examples/C.java:41:9:41:14 | this.y | examples/C.java:21:9:21:14 | this.y |
| examples/C.java:7:14:7:14 | C | examples/C.java:41:9:41:14 | this.y | examples/C.java:22:9:22:14 | this.y |
| examples/C.java:7:14:7:14 | C | examples/C.java:41:9:41:14 | this.y | examples/C.java:22:18:22:23 | this.y |
| examples/C.java:7:14:7:14 | C | examples/C.java:41:9:41:14 | this.y | examples/C.java:26:9:26:14 | this.y |
| examples/C.java:7:14:7:14 | C | examples/C.java:41:9:41:14 | this.y | examples/C.java:30:13:30:13 | y |
| examples/C.java:7:14:7:14 | C | examples/C.java:41:9:41:14 | this.y | examples/C.java:33:9:33:9 | y |
| examples/C.java:7:14:7:14 | C | examples/C.java:53:9:53:14 | this.y | examples/C.java:14:9:14:14 | this.y |
| examples/C.java:7:14:7:14 | C | examples/C.java:53:9:53:14 | this.y | examples/C.java:15:9:15:14 | this.y |
| examples/C.java:7:14:7:14 | C | examples/C.java:53:9:53:14 | this.y | examples/C.java:16:9:16:14 | this.y |
| examples/C.java:7:14:7:14 | C | examples/C.java:53:9:53:14 | this.y | examples/C.java:16:18:16:23 | this.y |
| examples/C.java:7:14:7:14 | C | examples/C.java:53:9:53:14 | this.y | examples/C.java:20:9:20:14 | this.y |
| examples/C.java:7:14:7:14 | C | examples/C.java:53:9:53:14 | this.y | examples/C.java:21:9:21:14 | this.y |
| examples/C.java:7:14:7:14 | C | examples/C.java:53:9:53:14 | this.y | examples/C.java:22:9:22:14 | this.y |
| examples/C.java:7:14:7:14 | C | examples/C.java:53:9:53:14 | this.y | examples/C.java:22:18:22:23 | this.y |
| examples/C.java:7:14:7:14 | C | examples/C.java:53:9:53:14 | this.y | examples/C.java:26:9:26:14 | this.y |
| examples/C.java:7:14:7:14 | C | examples/C.java:53:9:53:14 | this.y | examples/C.java:30:13:30:13 | y |
| examples/C.java:7:14:7:14 | C | examples/C.java:53:9:53:14 | this.y | examples/C.java:33:9:33:9 | y |
| examples/C.java:7:14:7:14 | C | examples/C.java:54:9:54:14 | this.y | examples/C.java:14:9:14:14 | this.y |
| examples/C.java:7:14:7:14 | C | examples/C.java:54:9:54:14 | this.y | examples/C.java:15:9:15:14 | this.y |
| examples/C.java:7:14:7:14 | C | examples/C.java:54:9:54:14 | this.y | examples/C.java:16:9:16:14 | this.y |
| examples/C.java:7:14:7:14 | C | examples/C.java:54:9:54:14 | this.y | examples/C.java:16:18:16:23 | this.y |
| examples/C.java:7:14:7:14 | C | examples/C.java:54:9:54:14 | this.y | examples/C.java:20:9:20:14 | this.y |
| examples/C.java:7:14:7:14 | C | examples/C.java:54:9:54:14 | this.y | examples/C.java:21:9:21:14 | this.y |
| examples/C.java:7:14:7:14 | C | examples/C.java:54:9:54:14 | this.y | examples/C.java:22:9:22:14 | this.y |
| examples/C.java:7:14:7:14 | C | examples/C.java:54:9:54:14 | this.y | examples/C.java:22:18:22:23 | this.y |
| examples/C.java:7:14:7:14 | C | examples/C.java:54:9:54:14 | this.y | examples/C.java:26:9:26:14 | this.y |
| examples/C.java:7:14:7:14 | C | examples/C.java:54:9:54:14 | this.y | examples/C.java:30:13:30:13 | y |
| examples/C.java:7:14:7:14 | C | examples/C.java:54:9:54:14 | this.y | examples/C.java:33:9:33:9 | y |
| examples/C.java:7:14:7:14 | C | examples/C.java:55:9:55:14 | this.y | examples/C.java:14:9:14:14 | this.y |
| examples/C.java:7:14:7:14 | C | examples/C.java:55:9:55:14 | this.y | examples/C.java:15:9:15:14 | this.y |
| examples/C.java:7:14:7:14 | C | examples/C.java:55:9:55:14 | this.y | examples/C.java:16:9:16:14 | this.y |
| examples/C.java:7:14:7:14 | C | examples/C.java:55:9:55:14 | this.y | examples/C.java:16:18:16:23 | this.y |
| examples/C.java:7:14:7:14 | C | examples/C.java:55:9:55:14 | this.y | examples/C.java:20:9:20:14 | this.y |
| examples/C.java:7:14:7:14 | C | examples/C.java:55:9:55:14 | this.y | examples/C.java:21:9:21:14 | this.y |
| examples/C.java:7:14:7:14 | C | examples/C.java:55:9:55:14 | this.y | examples/C.java:22:9:22:14 | this.y |
| examples/C.java:7:14:7:14 | C | examples/C.java:55:9:55:14 | this.y | examples/C.java:22:18:22:23 | this.y |
| examples/C.java:7:14:7:14 | C | examples/C.java:55:9:55:14 | this.y | examples/C.java:26:9:26:14 | this.y |
| examples/C.java:7:14:7:14 | C | examples/C.java:55:9:55:14 | this.y | examples/C.java:30:13:30:13 | y |
| examples/C.java:7:14:7:14 | C | examples/C.java:55:9:55:14 | this.y | examples/C.java:33:9:33:9 | y |
| examples/C.java:7:14:7:14 | C | examples/C.java:61:9:61:9 | y | examples/C.java:14:9:14:14 | this.y |
| examples/C.java:7:14:7:14 | C | examples/C.java:61:9:61:9 | y | examples/C.java:15:9:15:14 | this.y |
| examples/C.java:7:14:7:14 | C | examples/C.java:61:9:61:9 | y | examples/C.java:16:9:16:14 | this.y |
| examples/C.java:7:14:7:14 | C | examples/C.java:61:9:61:9 | y | examples/C.java:16:18:16:23 | this.y |
| examples/C.java:7:14:7:14 | C | examples/C.java:61:9:61:9 | y | examples/C.java:20:9:20:14 | this.y |
| examples/C.java:7:14:7:14 | C | examples/C.java:61:9:61:9 | y | examples/C.java:21:9:21:14 | this.y |
| examples/C.java:7:14:7:14 | C | examples/C.java:61:9:61:9 | y | examples/C.java:22:9:22:14 | this.y |
| examples/C.java:7:14:7:14 | C | examples/C.java:61:9:61:9 | y | examples/C.java:22:18:22:23 | this.y |
| examples/C.java:7:14:7:14 | C | examples/C.java:61:9:61:9 | y | examples/C.java:26:9:26:14 | this.y |
| examples/C.java:7:14:7:14 | C | examples/C.java:61:9:61:9 | y | examples/C.java:30:13:30:13 | y |
| examples/C.java:7:14:7:14 | C | examples/C.java:61:9:61:9 | y | examples/C.java:33:9:33:9 | y |
| examples/C.java:7:14:7:14 | C | examples/C.java:62:9:62:9 | y | examples/C.java:14:9:14:14 | this.y |
| examples/C.java:7:14:7:14 | C | examples/C.java:62:9:62:9 | y | examples/C.java:15:9:15:14 | this.y |
| examples/C.java:7:14:7:14 | C | examples/C.java:62:9:62:9 | y | examples/C.java:16:9:16:14 | this.y |
| examples/C.java:7:14:7:14 | C | examples/C.java:62:9:62:9 | y | examples/C.java:16:18:16:23 | this.y |
| examples/C.java:7:14:7:14 | C | examples/C.java:62:9:62:9 | y | examples/C.java:20:9:20:14 | this.y |
| examples/C.java:7:14:7:14 | C | examples/C.java:62:9:62:9 | y | examples/C.java:21:9:21:14 | this.y |
| examples/C.java:7:14:7:14 | C | examples/C.java:62:9:62:9 | y | examples/C.java:22:9:22:14 | this.y |
| examples/C.java:7:14:7:14 | C | examples/C.java:62:9:62:9 | y | examples/C.java:22:18:22:23 | this.y |
| examples/C.java:7:14:7:14 | C | examples/C.java:62:9:62:9 | y | examples/C.java:26:9:26:14 | this.y |
| examples/C.java:7:14:7:14 | C | examples/C.java:62:9:62:9 | y | examples/C.java:30:13:30:13 | y |
| examples/C.java:7:14:7:14 | C | examples/C.java:62:9:62:9 | y | examples/C.java:33:9:33:9 | y |
| examples/C.java:7:14:7:14 | C | examples/C.java:63:9:63:9 | y | examples/C.java:14:9:14:14 | this.y |
| examples/C.java:7:14:7:14 | C | examples/C.java:63:9:63:9 | y | examples/C.java:15:9:15:14 | this.y |
| examples/C.java:7:14:7:14 | C | examples/C.java:63:9:63:9 | y | examples/C.java:16:9:16:14 | this.y |
| examples/C.java:7:14:7:14 | C | examples/C.java:63:9:63:9 | y | examples/C.java:16:18:16:23 | this.y |
| examples/C.java:7:14:7:14 | C | examples/C.java:63:9:63:9 | y | examples/C.java:20:9:20:14 | this.y |
| examples/C.java:7:14:7:14 | C | examples/C.java:63:9:63:9 | y | examples/C.java:21:9:21:14 | this.y |
| examples/C.java:7:14:7:14 | C | examples/C.java:63:9:63:9 | y | examples/C.java:22:9:22:14 | this.y |
| examples/C.java:7:14:7:14 | C | examples/C.java:63:9:63:9 | y | examples/C.java:22:18:22:23 | this.y |
| examples/C.java:7:14:7:14 | C | examples/C.java:63:9:63:9 | y | examples/C.java:26:9:26:14 | this.y |
| examples/C.java:7:14:7:14 | C | examples/C.java:63:9:63:9 | y | examples/C.java:30:13:30:13 | y |
| examples/C.java:7:14:7:14 | C | examples/C.java:63:9:63:9 | y | examples/C.java:33:9:33:9 | y |
| examples/FaultyTurnstileExample.java:7:7:7:28 | FaultyTurnstileExample | examples/FaultyTurnstileExample.java:13:5:13:9 | count | examples/FaultyTurnstileExample.java:18:5:18:9 | count |
| examples/FaultyTurnstileExample.java:7:7:7:28 | FaultyTurnstileExample | examples/FaultyTurnstileExample.java:18:5:18:9 | count | examples/FaultyTurnstileExample.java:13:5:13:9 | count |
| examples/FaultyTurnstileExample.java:23:7:23:29 | FaultyTurnstileExample2 | examples/FaultyTurnstileExample.java:30:5:30:9 | count | examples/FaultyTurnstileExample.java:36:5:36:9 | count |
| examples/FaultyTurnstileExample.java:23:7:23:29 | FaultyTurnstileExample2 | examples/FaultyTurnstileExample.java:36:5:36:9 | count | examples/FaultyTurnstileExample.java:30:5:30:9 | count |
| examples/FlawedSemaphore.java:4:14:4:28 | FlawedSemaphore | examples/FlawedSemaphore.java:18:7:18:11 | state | examples/FlawedSemaphore.java:15:14:15:18 | state |
| examples/LockExample.java:7:14:7:24 | LockExample | examples/LockExample.java:17:5:17:10 | length | examples/LockExample.java:31:5:31:10 | length |
| examples/LockExample.java:7:14:7:24 | LockExample | examples/LockExample.java:17:5:17:10 | length | examples/LockExample.java:32:13:32:18 | length |
| examples/LockExample.java:7:14:7:24 | LockExample | examples/LockExample.java:17:5:17:10 | length | examples/LockExample.java:37:5:37:10 | length |
| examples/LockExample.java:7:14:7:24 | LockExample | examples/LockExample.java:17:5:17:10 | length | examples/LockExample.java:38:13:38:18 | length |
| examples/LockExample.java:7:14:7:24 | LockExample | examples/LockExample.java:17:5:17:10 | length | examples/LockExample.java:42:5:42:10 | length |
| examples/LockExample.java:7:14:7:24 | LockExample | examples/LockExample.java:17:5:17:10 | length | examples/LockExample.java:55:5:55:10 | length |
| examples/LockExample.java:7:14:7:24 | LockExample | examples/LockExample.java:17:5:17:10 | length | examples/LockExample.java:58:13:58:18 | length |
| examples/LockExample.java:7:14:7:24 | LockExample | examples/LockExample.java:17:5:17:10 | length | examples/LockExample.java:62:5:62:10 | length |
| examples/LockExample.java:7:14:7:24 | LockExample | examples/LockExample.java:17:5:17:10 | length | examples/LockExample.java:64:13:64:18 | length |
| examples/LockExample.java:7:14:7:24 | LockExample | examples/LockExample.java:17:5:17:10 | length | examples/LockExample.java:69:5:69:10 | length |
| examples/LockExample.java:7:14:7:24 | LockExample | examples/LockExample.java:17:5:17:10 | length | examples/LockExample.java:72:13:72:18 | length |
| examples/LockExample.java:7:14:7:24 | LockExample | examples/LockExample.java:24:5:24:10 | length | examples/LockExample.java:31:5:31:10 | length |
| examples/LockExample.java:7:14:7:24 | LockExample | examples/LockExample.java:24:5:24:10 | length | examples/LockExample.java:32:13:32:18 | length |
| examples/LockExample.java:7:14:7:24 | LockExample | examples/LockExample.java:24:5:24:10 | length | examples/LockExample.java:37:5:37:10 | length |
| examples/LockExample.java:7:14:7:24 | LockExample | examples/LockExample.java:24:5:24:10 | length | examples/LockExample.java:38:13:38:18 | length |
| examples/LockExample.java:7:14:7:24 | LockExample | examples/LockExample.java:24:5:24:10 | length | examples/LockExample.java:42:5:42:10 | length |
| examples/LockExample.java:7:14:7:24 | LockExample | examples/LockExample.java:24:5:24:10 | length | examples/LockExample.java:55:5:55:10 | length |
| examples/LockExample.java:7:14:7:24 | LockExample | examples/LockExample.java:24:5:24:10 | length | examples/LockExample.java:58:13:58:18 | length |
| examples/LockExample.java:7:14:7:24 | LockExample | examples/LockExample.java:24:5:24:10 | length | examples/LockExample.java:62:5:62:10 | length |
| examples/LockExample.java:7:14:7:24 | LockExample | examples/LockExample.java:24:5:24:10 | length | examples/LockExample.java:64:13:64:18 | length |
| examples/LockExample.java:7:14:7:24 | LockExample | examples/LockExample.java:24:5:24:10 | length | examples/LockExample.java:69:5:69:10 | length |
| examples/LockExample.java:7:14:7:24 | LockExample | examples/LockExample.java:24:5:24:10 | length | examples/LockExample.java:72:13:72:18 | length |
| examples/LockExample.java:7:14:7:24 | LockExample | examples/LockExample.java:31:5:31:10 | length | examples/LockExample.java:17:5:17:10 | length |
| examples/LockExample.java:7:14:7:24 | LockExample | examples/LockExample.java:31:5:31:10 | length | examples/LockExample.java:18:13:18:18 | length |
| examples/LockExample.java:7:14:7:24 | LockExample | examples/LockExample.java:31:5:31:10 | length | examples/LockExample.java:24:5:24:10 | length |
| examples/LockExample.java:7:14:7:24 | LockExample | examples/LockExample.java:31:5:31:10 | length | examples/LockExample.java:25:13:25:18 | length |
| examples/LockExample.java:7:14:7:24 | LockExample | examples/LockExample.java:31:5:31:10 | length | examples/LockExample.java:37:5:37:10 | length |
| examples/LockExample.java:7:14:7:24 | LockExample | examples/LockExample.java:31:5:31:10 | length | examples/LockExample.java:38:13:38:18 | length |
| examples/LockExample.java:7:14:7:24 | LockExample | examples/LockExample.java:31:5:31:10 | length | examples/LockExample.java:42:5:42:10 | length |
| examples/LockExample.java:7:14:7:24 | LockExample | examples/LockExample.java:31:5:31:10 | length | examples/LockExample.java:45:13:45:18 | length |
| examples/LockExample.java:7:14:7:24 | LockExample | examples/LockExample.java:31:5:31:10 | length | examples/LockExample.java:55:5:55:10 | length |
| examples/LockExample.java:7:14:7:24 | LockExample | examples/LockExample.java:31:5:31:10 | length | examples/LockExample.java:58:13:58:18 | length |
| examples/LockExample.java:7:14:7:24 | LockExample | examples/LockExample.java:31:5:31:10 | length | examples/LockExample.java:62:5:62:10 | length |
| examples/LockExample.java:7:14:7:24 | LockExample | examples/LockExample.java:31:5:31:10 | length | examples/LockExample.java:64:13:64:18 | length |
| examples/LockExample.java:7:14:7:24 | LockExample | examples/LockExample.java:31:5:31:10 | length | examples/LockExample.java:69:5:69:10 | length |
| examples/LockExample.java:7:14:7:24 | LockExample | examples/LockExample.java:31:5:31:10 | length | examples/LockExample.java:72:13:72:18 | length |
| examples/LockExample.java:7:14:7:24 | LockExample | examples/LockExample.java:37:5:37:10 | length | examples/LockExample.java:17:5:17:10 | length |
| examples/LockExample.java:7:14:7:24 | LockExample | examples/LockExample.java:37:5:37:10 | length | examples/LockExample.java:18:13:18:18 | length |
| examples/LockExample.java:7:14:7:24 | LockExample | examples/LockExample.java:37:5:37:10 | length | examples/LockExample.java:24:5:24:10 | length |
| examples/LockExample.java:7:14:7:24 | LockExample | examples/LockExample.java:37:5:37:10 | length | examples/LockExample.java:25:13:25:18 | length |
| examples/LockExample.java:7:14:7:24 | LockExample | examples/LockExample.java:37:5:37:10 | length | examples/LockExample.java:31:5:31:10 | length |
| examples/LockExample.java:7:14:7:24 | LockExample | examples/LockExample.java:37:5:37:10 | length | examples/LockExample.java:32:13:32:18 | length |
| examples/LockExample.java:7:14:7:24 | LockExample | examples/LockExample.java:37:5:37:10 | length | examples/LockExample.java:38:13:38:18 | length |
| examples/LockExample.java:7:14:7:24 | LockExample | examples/LockExample.java:37:5:37:10 | length | examples/LockExample.java:42:5:42:10 | length |
| examples/LockExample.java:7:14:7:24 | LockExample | examples/LockExample.java:37:5:37:10 | length | examples/LockExample.java:45:13:45:18 | length |
| examples/LockExample.java:7:14:7:24 | LockExample | examples/LockExample.java:37:5:37:10 | length | examples/LockExample.java:55:5:55:10 | length |
| examples/LockExample.java:7:14:7:24 | LockExample | examples/LockExample.java:37:5:37:10 | length | examples/LockExample.java:58:13:58:18 | length |
| examples/LockExample.java:7:14:7:24 | LockExample | examples/LockExample.java:37:5:37:10 | length | examples/LockExample.java:62:5:62:10 | length |
| examples/LockExample.java:7:14:7:24 | LockExample | examples/LockExample.java:37:5:37:10 | length | examples/LockExample.java:64:13:64:18 | length |
| examples/LockExample.java:7:14:7:24 | LockExample | examples/LockExample.java:37:5:37:10 | length | examples/LockExample.java:69:5:69:10 | length |
| examples/LockExample.java:7:14:7:24 | LockExample | examples/LockExample.java:37:5:37:10 | length | examples/LockExample.java:72:13:72:18 | length |
| examples/LockExample.java:7:14:7:24 | LockExample | examples/LockExample.java:42:5:42:10 | length | examples/LockExample.java:17:5:17:10 | length |
| examples/LockExample.java:7:14:7:24 | LockExample | examples/LockExample.java:42:5:42:10 | length | examples/LockExample.java:18:13:18:18 | length |
| examples/LockExample.java:7:14:7:24 | LockExample | examples/LockExample.java:42:5:42:10 | length | examples/LockExample.java:24:5:24:10 | length |
| examples/LockExample.java:7:14:7:24 | LockExample | examples/LockExample.java:42:5:42:10 | length | examples/LockExample.java:25:13:25:18 | length |
| examples/LockExample.java:7:14:7:24 | LockExample | examples/LockExample.java:42:5:42:10 | length | examples/LockExample.java:31:5:31:10 | length |
| examples/LockExample.java:7:14:7:24 | LockExample | examples/LockExample.java:42:5:42:10 | length | examples/LockExample.java:32:13:32:18 | length |
| examples/LockExample.java:7:14:7:24 | LockExample | examples/LockExample.java:42:5:42:10 | length | examples/LockExample.java:37:5:37:10 | length |
| examples/LockExample.java:7:14:7:24 | LockExample | examples/LockExample.java:42:5:42:10 | length | examples/LockExample.java:38:13:38:18 | length |
| examples/LockExample.java:7:14:7:24 | LockExample | examples/LockExample.java:42:5:42:10 | length | examples/LockExample.java:45:13:45:18 | length |
| examples/LockExample.java:7:14:7:24 | LockExample | examples/LockExample.java:42:5:42:10 | length | examples/LockExample.java:55:5:55:10 | length |
| examples/LockExample.java:7:14:7:24 | LockExample | examples/LockExample.java:42:5:42:10 | length | examples/LockExample.java:58:13:58:18 | length |
| examples/LockExample.java:7:14:7:24 | LockExample | examples/LockExample.java:42:5:42:10 | length | examples/LockExample.java:62:5:62:10 | length |
| examples/LockExample.java:7:14:7:24 | LockExample | examples/LockExample.java:42:5:42:10 | length | examples/LockExample.java:64:13:64:18 | length |
| examples/LockExample.java:7:14:7:24 | LockExample | examples/LockExample.java:42:5:42:10 | length | examples/LockExample.java:69:5:69:10 | length |
| examples/LockExample.java:7:14:7:24 | LockExample | examples/LockExample.java:42:5:42:10 | length | examples/LockExample.java:72:13:72:18 | length |
| examples/LockExample.java:7:14:7:24 | LockExample | examples/LockExample.java:55:5:55:10 | length | examples/LockExample.java:17:5:17:10 | length |
| examples/LockExample.java:7:14:7:24 | LockExample | examples/LockExample.java:55:5:55:10 | length | examples/LockExample.java:18:13:18:18 | length |
| examples/LockExample.java:7:14:7:24 | LockExample | examples/LockExample.java:55:5:55:10 | length | examples/LockExample.java:24:5:24:10 | length |
| examples/LockExample.java:7:14:7:24 | LockExample | examples/LockExample.java:55:5:55:10 | length | examples/LockExample.java:25:13:25:18 | length |
| examples/LockExample.java:7:14:7:24 | LockExample | examples/LockExample.java:55:5:55:10 | length | examples/LockExample.java:31:5:31:10 | length |
| examples/LockExample.java:7:14:7:24 | LockExample | examples/LockExample.java:55:5:55:10 | length | examples/LockExample.java:32:13:32:18 | length |
| examples/LockExample.java:7:14:7:24 | LockExample | examples/LockExample.java:55:5:55:10 | length | examples/LockExample.java:37:5:37:10 | length |
| examples/LockExample.java:7:14:7:24 | LockExample | examples/LockExample.java:55:5:55:10 | length | examples/LockExample.java:38:13:38:18 | length |
| examples/LockExample.java:7:14:7:24 | LockExample | examples/LockExample.java:55:5:55:10 | length | examples/LockExample.java:42:5:42:10 | length |
| examples/LockExample.java:7:14:7:24 | LockExample | examples/LockExample.java:55:5:55:10 | length | examples/LockExample.java:45:13:45:18 | length |
| examples/LockExample.java:7:14:7:24 | LockExample | examples/LockExample.java:55:5:55:10 | length | examples/LockExample.java:58:13:58:18 | length |
| examples/LockExample.java:7:14:7:24 | LockExample | examples/LockExample.java:55:5:55:10 | length | examples/LockExample.java:62:5:62:10 | length |
| examples/LockExample.java:7:14:7:24 | LockExample | examples/LockExample.java:55:5:55:10 | length | examples/LockExample.java:64:13:64:18 | length |
| examples/LockExample.java:7:14:7:24 | LockExample | examples/LockExample.java:55:5:55:10 | length | examples/LockExample.java:69:5:69:10 | length |
| examples/LockExample.java:7:14:7:24 | LockExample | examples/LockExample.java:55:5:55:10 | length | examples/LockExample.java:72:13:72:18 | length |
| examples/LockExample.java:7:14:7:24 | LockExample | examples/LockExample.java:62:5:62:10 | length | examples/LockExample.java:17:5:17:10 | length |
| examples/LockExample.java:7:14:7:24 | LockExample | examples/LockExample.java:62:5:62:10 | length | examples/LockExample.java:18:13:18:18 | length |
| examples/LockExample.java:7:14:7:24 | LockExample | examples/LockExample.java:62:5:62:10 | length | examples/LockExample.java:24:5:24:10 | length |
| examples/LockExample.java:7:14:7:24 | LockExample | examples/LockExample.java:62:5:62:10 | length | examples/LockExample.java:25:13:25:18 | length |
| examples/LockExample.java:7:14:7:24 | LockExample | examples/LockExample.java:62:5:62:10 | length | examples/LockExample.java:31:5:31:10 | length |
| examples/LockExample.java:7:14:7:24 | LockExample | examples/LockExample.java:62:5:62:10 | length | examples/LockExample.java:32:13:32:18 | length |
| examples/LockExample.java:7:14:7:24 | LockExample | examples/LockExample.java:62:5:62:10 | length | examples/LockExample.java:37:5:37:10 | length |
| examples/LockExample.java:7:14:7:24 | LockExample | examples/LockExample.java:62:5:62:10 | length | examples/LockExample.java:38:13:38:18 | length |
| examples/LockExample.java:7:14:7:24 | LockExample | examples/LockExample.java:62:5:62:10 | length | examples/LockExample.java:42:5:42:10 | length |
| examples/LockExample.java:7:14:7:24 | LockExample | examples/LockExample.java:62:5:62:10 | length | examples/LockExample.java:45:13:45:18 | length |
| examples/LockExample.java:7:14:7:24 | LockExample | examples/LockExample.java:62:5:62:10 | length | examples/LockExample.java:55:5:55:10 | length |
| examples/LockExample.java:7:14:7:24 | LockExample | examples/LockExample.java:62:5:62:10 | length | examples/LockExample.java:58:13:58:18 | length |
| examples/LockExample.java:7:14:7:24 | LockExample | examples/LockExample.java:62:5:62:10 | length | examples/LockExample.java:64:13:64:18 | length |
| examples/LockExample.java:7:14:7:24 | LockExample | examples/LockExample.java:62:5:62:10 | length | examples/LockExample.java:69:5:69:10 | length |
| examples/LockExample.java:7:14:7:24 | LockExample | examples/LockExample.java:62:5:62:10 | length | examples/LockExample.java:72:13:72:18 | length |
| examples/LockExample.java:7:14:7:24 | LockExample | examples/LockExample.java:69:5:69:10 | length | examples/LockExample.java:17:5:17:10 | length |
| examples/LockExample.java:7:14:7:24 | LockExample | examples/LockExample.java:69:5:69:10 | length | examples/LockExample.java:18:13:18:18 | length |
| examples/LockExample.java:7:14:7:24 | LockExample | examples/LockExample.java:69:5:69:10 | length | examples/LockExample.java:24:5:24:10 | length |
| examples/LockExample.java:7:14:7:24 | LockExample | examples/LockExample.java:69:5:69:10 | length | examples/LockExample.java:25:13:25:18 | length |
| examples/LockExample.java:7:14:7:24 | LockExample | examples/LockExample.java:69:5:69:10 | length | examples/LockExample.java:31:5:31:10 | length |
| examples/LockExample.java:7:14:7:24 | LockExample | examples/LockExample.java:69:5:69:10 | length | examples/LockExample.java:32:13:32:18 | length |
| examples/LockExample.java:7:14:7:24 | LockExample | examples/LockExample.java:69:5:69:10 | length | examples/LockExample.java:37:5:37:10 | length |
| examples/LockExample.java:7:14:7:24 | LockExample | examples/LockExample.java:69:5:69:10 | length | examples/LockExample.java:38:13:38:18 | length |
| examples/LockExample.java:7:14:7:24 | LockExample | examples/LockExample.java:69:5:69:10 | length | examples/LockExample.java:42:5:42:10 | length |
| examples/LockExample.java:7:14:7:24 | LockExample | examples/LockExample.java:69:5:69:10 | length | examples/LockExample.java:45:13:45:18 | length |
| examples/LockExample.java:7:14:7:24 | LockExample | examples/LockExample.java:69:5:69:10 | length | examples/LockExample.java:55:5:55:10 | length |
| examples/LockExample.java:7:14:7:24 | LockExample | examples/LockExample.java:69:5:69:10 | length | examples/LockExample.java:58:13:58:18 | length |
| examples/LockExample.java:7:14:7:24 | LockExample | examples/LockExample.java:69:5:69:10 | length | examples/LockExample.java:62:5:62:10 | length |
| examples/LockExample.java:7:14:7:24 | LockExample | examples/LockExample.java:69:5:69:10 | length | examples/LockExample.java:64:13:64:18 | length |
| examples/LockExample.java:7:14:7:24 | LockExample | examples/LockExample.java:69:5:69:10 | length | examples/LockExample.java:72:13:72:18 | length |
| examples/LockExample.java:7:14:7:24 | LockExample | examples/LockExample.java:78:5:78:21 | notRelatedToOther | examples/LockExample.java:117:5:117:21 | notRelatedToOther |
| examples/LockExample.java:7:14:7:24 | LockExample | examples/LockExample.java:78:5:78:21 | notRelatedToOther | examples/LockExample.java:138:5:138:21 | notRelatedToOther |
| examples/LockExample.java:7:14:7:24 | LockExample | examples/LockExample.java:78:5:78:21 | notRelatedToOther | examples/LockExample.java:146:5:146:21 | notRelatedToOther |
| examples/LockExample.java:7:14:7:24 | LockExample | examples/LockExample.java:84:5:84:21 | notRelatedToOther | examples/LockExample.java:117:5:117:21 | notRelatedToOther |
| examples/LockExample.java:7:14:7:24 | LockExample | examples/LockExample.java:84:5:84:21 | notRelatedToOther | examples/LockExample.java:138:5:138:21 | notRelatedToOther |
| examples/LockExample.java:7:14:7:24 | LockExample | examples/LockExample.java:84:5:84:21 | notRelatedToOther | examples/LockExample.java:146:5:146:21 | notRelatedToOther |
| examples/LockExample.java:7:14:7:24 | LockExample | examples/LockExample.java:87:5:87:21 | notRelatedToOther | examples/LockExample.java:117:5:117:21 | notRelatedToOther |
| examples/LockExample.java:7:14:7:24 | LockExample | examples/LockExample.java:87:5:87:21 | notRelatedToOther | examples/LockExample.java:138:5:138:21 | notRelatedToOther |
| examples/LockExample.java:7:14:7:24 | LockExample | examples/LockExample.java:87:5:87:21 | notRelatedToOther | examples/LockExample.java:146:5:146:21 | notRelatedToOther |
| examples/LockExample.java:7:14:7:24 | LockExample | examples/LockExample.java:93:5:93:21 | notRelatedToOther | examples/LockExample.java:117:5:117:21 | notRelatedToOther |
| examples/LockExample.java:7:14:7:24 | LockExample | examples/LockExample.java:93:5:93:21 | notRelatedToOther | examples/LockExample.java:138:5:138:21 | notRelatedToOther |
| examples/LockExample.java:7:14:7:24 | LockExample | examples/LockExample.java:93:5:93:21 | notRelatedToOther | examples/LockExample.java:146:5:146:21 | notRelatedToOther |
| examples/LockExample.java:7:14:7:24 | LockExample | examples/LockExample.java:96:5:96:21 | notRelatedToOther | examples/LockExample.java:117:5:117:21 | notRelatedToOther |
| examples/LockExample.java:7:14:7:24 | LockExample | examples/LockExample.java:96:5:96:21 | notRelatedToOther | examples/LockExample.java:138:5:138:21 | notRelatedToOther |
| examples/LockExample.java:7:14:7:24 | LockExample | examples/LockExample.java:96:5:96:21 | notRelatedToOther | examples/LockExample.java:146:5:146:21 | notRelatedToOther |
| examples/LockExample.java:7:14:7:24 | LockExample | examples/LockExample.java:102:5:102:21 | notRelatedToOther | examples/LockExample.java:117:5:117:21 | notRelatedToOther |
| examples/LockExample.java:7:14:7:24 | LockExample | examples/LockExample.java:102:5:102:21 | notRelatedToOther | examples/LockExample.java:138:5:138:21 | notRelatedToOther |
| examples/LockExample.java:7:14:7:24 | LockExample | examples/LockExample.java:102:5:102:21 | notRelatedToOther | examples/LockExample.java:146:5:146:21 | notRelatedToOther |
| examples/LockExample.java:7:14:7:24 | LockExample | examples/LockExample.java:105:5:105:21 | notRelatedToOther | examples/LockExample.java:117:5:117:21 | notRelatedToOther |
| examples/LockExample.java:7:14:7:24 | LockExample | examples/LockExample.java:105:5:105:21 | notRelatedToOther | examples/LockExample.java:138:5:138:21 | notRelatedToOther |
| examples/LockExample.java:7:14:7:24 | LockExample | examples/LockExample.java:105:5:105:21 | notRelatedToOther | examples/LockExample.java:146:5:146:21 | notRelatedToOther |
| examples/LockExample.java:7:14:7:24 | LockExample | examples/LockExample.java:110:5:110:21 | notRelatedToOther | examples/LockExample.java:117:5:117:21 | notRelatedToOther |
| examples/LockExample.java:7:14:7:24 | LockExample | examples/LockExample.java:110:5:110:21 | notRelatedToOther | examples/LockExample.java:138:5:138:21 | notRelatedToOther |
| examples/LockExample.java:7:14:7:24 | LockExample | examples/LockExample.java:110:5:110:21 | notRelatedToOther | examples/LockExample.java:146:5:146:21 | notRelatedToOther |
| examples/LockExample.java:7:14:7:24 | LockExample | examples/LockExample.java:112:5:112:21 | notRelatedToOther | examples/LockExample.java:117:5:117:21 | notRelatedToOther |
| examples/LockExample.java:7:14:7:24 | LockExample | examples/LockExample.java:112:5:112:21 | notRelatedToOther | examples/LockExample.java:138:5:138:21 | notRelatedToOther |
| examples/LockExample.java:7:14:7:24 | LockExample | examples/LockExample.java:112:5:112:21 | notRelatedToOther | examples/LockExample.java:146:5:146:21 | notRelatedToOther |
| examples/LockExample.java:7:14:7:24 | LockExample | examples/LockExample.java:117:5:117:21 | notRelatedToOther | examples/LockExample.java:78:5:78:21 | notRelatedToOther |
| examples/LockExample.java:7:14:7:24 | LockExample | examples/LockExample.java:117:5:117:21 | notRelatedToOther | examples/LockExample.java:84:5:84:21 | notRelatedToOther |
| examples/LockExample.java:7:14:7:24 | LockExample | examples/LockExample.java:117:5:117:21 | notRelatedToOther | examples/LockExample.java:87:5:87:21 | notRelatedToOther |
| examples/LockExample.java:7:14:7:24 | LockExample | examples/LockExample.java:117:5:117:21 | notRelatedToOther | examples/LockExample.java:93:5:93:21 | notRelatedToOther |
| examples/LockExample.java:7:14:7:24 | LockExample | examples/LockExample.java:117:5:117:21 | notRelatedToOther | examples/LockExample.java:96:5:96:21 | notRelatedToOther |
| examples/LockExample.java:7:14:7:24 | LockExample | examples/LockExample.java:117:5:117:21 | notRelatedToOther | examples/LockExample.java:102:5:102:21 | notRelatedToOther |
| examples/LockExample.java:7:14:7:24 | LockExample | examples/LockExample.java:117:5:117:21 | notRelatedToOther | examples/LockExample.java:105:5:105:21 | notRelatedToOther |
| examples/LockExample.java:7:14:7:24 | LockExample | examples/LockExample.java:117:5:117:21 | notRelatedToOther | examples/LockExample.java:110:5:110:21 | notRelatedToOther |
| examples/LockExample.java:7:14:7:24 | LockExample | examples/LockExample.java:117:5:117:21 | notRelatedToOther | examples/LockExample.java:112:5:112:21 | notRelatedToOther |
| examples/LockExample.java:7:14:7:24 | LockExample | examples/LockExample.java:117:5:117:21 | notRelatedToOther | examples/LockExample.java:138:5:138:21 | notRelatedToOther |
| examples/LockExample.java:7:14:7:24 | LockExample | examples/LockExample.java:117:5:117:21 | notRelatedToOther | examples/LockExample.java:146:5:146:21 | notRelatedToOther |
| examples/LockExample.java:7:14:7:24 | LockExample | examples/LockExample.java:138:5:138:21 | notRelatedToOther | examples/LockExample.java:78:5:78:21 | notRelatedToOther |
| examples/LockExample.java:7:14:7:24 | LockExample | examples/LockExample.java:138:5:138:21 | notRelatedToOther | examples/LockExample.java:84:5:84:21 | notRelatedToOther |
| examples/LockExample.java:7:14:7:24 | LockExample | examples/LockExample.java:138:5:138:21 | notRelatedToOther | examples/LockExample.java:87:5:87:21 | notRelatedToOther |
| examples/LockExample.java:7:14:7:24 | LockExample | examples/LockExample.java:138:5:138:21 | notRelatedToOther | examples/LockExample.java:93:5:93:21 | notRelatedToOther |
| examples/LockExample.java:7:14:7:24 | LockExample | examples/LockExample.java:138:5:138:21 | notRelatedToOther | examples/LockExample.java:96:5:96:21 | notRelatedToOther |
| examples/LockExample.java:7:14:7:24 | LockExample | examples/LockExample.java:138:5:138:21 | notRelatedToOther | examples/LockExample.java:102:5:102:21 | notRelatedToOther |
| examples/LockExample.java:7:14:7:24 | LockExample | examples/LockExample.java:138:5:138:21 | notRelatedToOther | examples/LockExample.java:105:5:105:21 | notRelatedToOther |
| examples/LockExample.java:7:14:7:24 | LockExample | examples/LockExample.java:138:5:138:21 | notRelatedToOther | examples/LockExample.java:110:5:110:21 | notRelatedToOther |
| examples/LockExample.java:7:14:7:24 | LockExample | examples/LockExample.java:138:5:138:21 | notRelatedToOther | examples/LockExample.java:112:5:112:21 | notRelatedToOther |
| examples/LockExample.java:7:14:7:24 | LockExample | examples/LockExample.java:138:5:138:21 | notRelatedToOther | examples/LockExample.java:117:5:117:21 | notRelatedToOther |
| examples/LockExample.java:7:14:7:24 | LockExample | examples/LockExample.java:138:5:138:21 | notRelatedToOther | examples/LockExample.java:146:5:146:21 | notRelatedToOther |
| examples/LockExample.java:7:14:7:24 | LockExample | examples/LockExample.java:146:5:146:21 | notRelatedToOther | examples/LockExample.java:78:5:78:21 | notRelatedToOther |
| examples/LockExample.java:7:14:7:24 | LockExample | examples/LockExample.java:146:5:146:21 | notRelatedToOther | examples/LockExample.java:84:5:84:21 | notRelatedToOther |
| examples/LockExample.java:7:14:7:24 | LockExample | examples/LockExample.java:146:5:146:21 | notRelatedToOther | examples/LockExample.java:87:5:87:21 | notRelatedToOther |
| examples/LockExample.java:7:14:7:24 | LockExample | examples/LockExample.java:146:5:146:21 | notRelatedToOther | examples/LockExample.java:93:5:93:21 | notRelatedToOther |
| examples/LockExample.java:7:14:7:24 | LockExample | examples/LockExample.java:146:5:146:21 | notRelatedToOther | examples/LockExample.java:96:5:96:21 | notRelatedToOther |
| examples/LockExample.java:7:14:7:24 | LockExample | examples/LockExample.java:146:5:146:21 | notRelatedToOther | examples/LockExample.java:102:5:102:21 | notRelatedToOther |
| examples/LockExample.java:7:14:7:24 | LockExample | examples/LockExample.java:146:5:146:21 | notRelatedToOther | examples/LockExample.java:105:5:105:21 | notRelatedToOther |
| examples/LockExample.java:7:14:7:24 | LockExample | examples/LockExample.java:146:5:146:21 | notRelatedToOther | examples/LockExample.java:110:5:110:21 | notRelatedToOther |
| examples/LockExample.java:7:14:7:24 | LockExample | examples/LockExample.java:146:5:146:21 | notRelatedToOther | examples/LockExample.java:112:5:112:21 | notRelatedToOther |
| examples/LockExample.java:7:14:7:24 | LockExample | examples/LockExample.java:146:5:146:21 | notRelatedToOther | examples/LockExample.java:117:5:117:21 | notRelatedToOther |
| examples/LockExample.java:7:14:7:24 | LockExample | examples/LockExample.java:146:5:146:21 | notRelatedToOther | examples/LockExample.java:138:5:138:21 | notRelatedToOther |
| examples/Test.java:6:14:6:17 | Test | examples/Test.java:43:5:43:10 | this.y | examples/Test.java:52:5:52:10 | this.y |
| examples/Test.java:6:14:6:17 | Test | examples/Test.java:43:5:43:10 | this.y | examples/Test.java:60:5:60:10 | this.y |
| examples/Test.java:6:14:6:17 | Test | examples/Test.java:43:5:43:10 | this.y | examples/Test.java:74:5:74:10 | this.y |
| examples/Test.java:6:14:6:17 | Test | examples/Test.java:43:5:43:10 | this.y | examples/Test.java:74:14:74:14 | y |
| examples/Test.java:6:14:6:17 | Test | examples/Test.java:52:5:52:10 | this.y | examples/Test.java:43:5:43:10 | this.y |
| examples/Test.java:6:14:6:17 | Test | examples/Test.java:52:5:52:10 | this.y | examples/Test.java:60:5:60:10 | this.y |
| examples/Test.java:6:14:6:17 | Test | examples/Test.java:52:5:52:10 | this.y | examples/Test.java:74:5:74:10 | this.y |
| examples/Test.java:6:14:6:17 | Test | examples/Test.java:52:5:52:10 | this.y | examples/Test.java:74:14:74:14 | y |
| examples/Test.java:6:14:6:17 | Test | examples/Test.java:60:5:60:10 | this.y | examples/Test.java:43:5:43:10 | this.y |
| examples/Test.java:6:14:6:17 | Test | examples/Test.java:60:5:60:10 | this.y | examples/Test.java:52:5:52:10 | this.y |
| examples/Test.java:6:14:6:17 | Test | examples/Test.java:60:5:60:10 | this.y | examples/Test.java:74:5:74:10 | this.y |
| examples/Test.java:6:14:6:17 | Test | examples/Test.java:60:5:60:10 | this.y | examples/Test.java:74:14:74:14 | y |
| examples/Test.java:6:14:6:17 | Test | examples/Test.java:74:5:74:10 | this.y | examples/Test.java:43:5:43:10 | this.y |
| examples/Test.java:6:14:6:17 | Test | examples/Test.java:74:5:74:10 | this.y | examples/Test.java:52:5:52:10 | this.y |
| examples/Test.java:6:14:6:17 | Test | examples/Test.java:74:5:74:10 | this.y | examples/Test.java:60:5:60:10 | this.y |
| examples/Test.java:6:14:6:17 | Test | examples/Test.java:74:5:74:10 | this.y | examples/Test.java:74:14:74:14 | y |
