| examples/C.java:7:14:7:14 | C | examples/C.java:9:17:9:17 | y |
| examples/FaultyTurnstileExample.java:7:7:7:28 | FaultyTurnstileExample | examples/FaultyTurnstileExample.java:9:15:9:19 | count |
| examples/FaultyTurnstileExample.java:23:7:23:29 | FaultyTurnstileExample2 | examples/FaultyTurnstileExample.java:26:15:26:19 | count |
| examples/FlawedSemaphore.java:4:14:4:28 | FlawedSemaphore | examples/FlawedSemaphore.java:6:15:6:19 | state |
| examples/LockExample.java:7:14:7:24 | LockExample | examples/LockExample.java:11:15:11:20 | length |
| examples/LockExample.java:7:14:7:24 | LockExample | examples/LockExample.java:12:15:12:31 | notRelatedToOther |
| examples/LockExample.java:7:14:7:24 | LockExample | examples/LockExample.java:13:17:13:23 | content |
| examples/SyncLstExample.java:30:7:30:26 | FaultySyncLstExample | examples/SyncLstExample.java:32:19:32:21 | lst |
| examples/SyncStackExample.java:26:7:26:28 | FaultySyncStackExample | examples/SyncStackExample.java:28:20:28:22 | stc |
| examples/SynchronizedAndLock.java:7:14:7:32 | SynchronizedAndLock | examples/SynchronizedAndLock.java:10:17:10:22 | length |
| examples/SyncronizedCollection.java:19:7:19:28 | SynchronizedCollection | examples/SyncronizedCollection.java:24:23:24:23 | c |
| examples/SyncronizedList.java:11:7:11:22 | SynchronizedList | examples/SyncronizedList.java:17:17:17:20 | list |
| examples/Test.java:6:14:6:17 | Test | examples/Test.java:12:15:12:15 | y |
