| examples/C.java:7:14:7:14 | C | examples/C.java:9:17:9:17 | y |
| examples/C.java:7:14:7:14 | C | examples/C.java:10:18:10:21 | lock |
| examples/C.java:7:14:7:14 | C | examples/C.java:11:18:11:22 | lock2 |
| examples/FaultyTurnstileExample.java:7:7:7:28 | FaultyTurnstileExample | examples/FaultyTurnstileExample.java:8:16:8:19 | lock |
| examples/FaultyTurnstileExample.java:7:7:7:28 | FaultyTurnstileExample | examples/FaultyTurnstileExample.java:9:15:9:19 | count |
| examples/FaultyTurnstileExample.java:23:7:23:29 | FaultyTurnstileExample2 | examples/FaultyTurnstileExample.java:24:16:24:20 | lock1 |
| examples/FaultyTurnstileExample.java:23:7:23:29 | FaultyTurnstileExample2 | examples/FaultyTurnstileExample.java:25:16:25:20 | lock2 |
| examples/FaultyTurnstileExample.java:23:7:23:29 | FaultyTurnstileExample2 | examples/FaultyTurnstileExample.java:26:15:26:19 | count |
| examples/FlawedSemaphore.java:4:14:4:28 | FlawedSemaphore | examples/FlawedSemaphore.java:6:15:6:19 | state |
| examples/LinkedListLockFree.java:16:14:16:31 | LinkedListLockFree | examples/LinkedListLockFree.java:17:35:17:38 | head |
| examples/LockCorrect.java:7:14:7:24 | LockCorrect | examples/LockCorrect.java:8:16:8:20 | lock1 |
| examples/LockExample.java:7:14:7:24 | LockExample | examples/LockExample.java:8:16:8:20 | lock1 |
| examples/LockExample.java:7:14:7:24 | LockExample | examples/LockExample.java:9:16:9:20 | lock2 |
| examples/LockExample.java:7:14:7:24 | LockExample | examples/LockExample.java:11:15:11:20 | length |
| examples/LockExample.java:7:14:7:24 | LockExample | examples/LockExample.java:12:15:12:31 | notRelatedToOther |
| examples/LockExample.java:7:14:7:24 | LockExample | examples/LockExample.java:13:17:13:23 | content |
| examples/SyncLstExample.java:8:14:8:27 | SyncLstExample | examples/SyncLstExample.java:9:16:9:19 | lock |
| examples/SyncLstExample.java:30:7:30:26 | FaultySyncLstExample | examples/SyncLstExample.java:31:16:31:19 | lock |
| examples/SyncLstExample.java:30:7:30:26 | FaultySyncLstExample | examples/SyncLstExample.java:32:19:32:21 | lst |
| examples/SyncStackExample.java:8:14:8:29 | SyncStackExample | examples/SyncStackExample.java:9:16:9:19 | lock |
| examples/SyncStackExample.java:26:7:26:28 | FaultySyncStackExample | examples/SyncStackExample.java:27:16:27:19 | lock |
| examples/SyncStackExample.java:26:7:26:28 | FaultySyncStackExample | examples/SyncStackExample.java:28:20:28:22 | stc |
| examples/SynchronizedAndLock.java:7:14:7:32 | SynchronizedAndLock | examples/SynchronizedAndLock.java:8:18:8:21 | lock |
| examples/SynchronizedAndLock.java:7:14:7:32 | SynchronizedAndLock | examples/SynchronizedAndLock.java:10:17:10:22 | length |
| examples/SyncronizedCollection.java:19:7:19:28 | SynchronizedCollection | examples/SyncronizedCollection.java:24:23:24:23 | c |
| examples/SyncronizedList.java:11:7:11:22 | SynchronizedList | examples/SyncronizedList.java:17:17:17:20 | list |
| examples/Test.java:6:14:6:17 | Test | examples/Test.java:12:15:12:15 | y |
| examples/Test.java:6:14:6:17 | Test | examples/Test.java:17:16:17:19 | lock |
| examples/TurnstileExample.java:7:14:7:29 | TurnstileExample | examples/TurnstileExample.java:8:16:8:19 | lock |
