edges
| file:///usr/local/Cellar/python@3.11/3.11.6_1/Frameworks/Python.framework/Versions/3.11/lib/python3.11/urllib/parse.py:627:22:627:27 | ControlFlowNode for string | file:///usr/local/Cellar/python@3.11/3.11.6_1/Frameworks/Python.framework/Versions/3.11/lib/python3.11/urllib/parse.py:631:12:631:17 | ControlFlowNode for string | provenance |  |
| file:///usr/local/Cellar/python@3.11/3.11.6_1/Frameworks/Python.framework/Versions/3.11/lib/python3.11/urllib/parse.py:631:12:631:17 | ControlFlowNode for string | file:///usr/local/Cellar/python@3.11/3.11.6_1/Frameworks/Python.framework/Versions/3.11/lib/python3.11/urllib/parse.py:635:19:635:24 | ControlFlowNode for string | provenance |  |
| file:///usr/local/Cellar/python@3.11/3.11.6_1/Frameworks/Python.framework/Versions/3.11/lib/python3.11/urllib/parse.py:635:19:635:24 | ControlFlowNode for string | file:///usr/local/Cellar/python@3.11/3.11.6_1/Frameworks/Python.framework/Versions/3.11/lib/python3.11/urllib/parse.py:636:18:636:23 | ControlFlowNode for string | provenance |  |
| file:///usr/local/Cellar/python@3.11/3.11.6_1/Frameworks/Python.framework/Versions/3.11/lib/python3.11/urllib/parse.py:635:19:635:24 | ControlFlowNode for string | file:///usr/local/Cellar/python@3.11/3.11.6_1/Frameworks/Python.framework/Versions/3.11/lib/python3.11/urllib/parse.py:637:12:637:17 | ControlFlowNode for string | provenance |  |
| file:///usr/local/Cellar/python@3.11/3.11.6_1/Frameworks/Python.framework/Versions/3.11/lib/python3.11/urllib/parse.py:636:9:636:14 | ControlFlowNode for string | file:///usr/local/Cellar/python@3.11/3.11.6_1/Frameworks/Python.framework/Versions/3.11/lib/python3.11/urllib/parse.py:627:22:627:27 | ControlFlowNode for string | provenance | Config |
| file:///usr/local/Cellar/python@3.11/3.11.6_1/Frameworks/Python.framework/Versions/3.11/lib/python3.11/urllib/parse.py:636:9:636:14 | ControlFlowNode for string | file:///usr/local/Cellar/python@3.11/3.11.6_1/Frameworks/Python.framework/Versions/3.11/lib/python3.11/urllib/parse.py:631:12:631:17 | ControlFlowNode for string | provenance | Config |
| file:///usr/local/Cellar/python@3.11/3.11.6_1/Frameworks/Python.framework/Versions/3.11/lib/python3.11/urllib/parse.py:636:9:636:14 | ControlFlowNode for string | file:///usr/local/Cellar/python@3.11/3.11.6_1/Frameworks/Python.framework/Versions/3.11/lib/python3.11/urllib/parse.py:635:19:635:24 | ControlFlowNode for string | provenance | Config |
| file:///usr/local/Cellar/python@3.11/3.11.6_1/Frameworks/Python.framework/Versions/3.11/lib/python3.11/urllib/parse.py:636:9:636:14 | ControlFlowNode for string | file:///usr/local/Cellar/python@3.11/3.11.6_1/Frameworks/Python.framework/Versions/3.11/lib/python3.11/urllib/parse.py:636:18:636:23 | ControlFlowNode for string | provenance | Config |
| file:///usr/local/Cellar/python@3.11/3.11.6_1/Frameworks/Python.framework/Versions/3.11/lib/python3.11/urllib/parse.py:636:9:636:14 | ControlFlowNode for string | file:///usr/local/Cellar/python@3.11/3.11.6_1/Frameworks/Python.framework/Versions/3.11/lib/python3.11/urllib/parse.py:637:12:637:17 | ControlFlowNode for string | provenance |  |
| file:///usr/local/Cellar/python@3.11/3.11.6_1/Frameworks/Python.framework/Versions/3.11/lib/python3.11/urllib/parse.py:636:9:636:14 | ControlFlowNode for string | file:///usr/local/Cellar/python@3.11/3.11.6_1/Frameworks/Python.framework/Versions/3.11/lib/python3.11/urllib/parse.py:637:12:637:17 | ControlFlowNode for string | provenance | Config |
| file:///usr/local/Cellar/python@3.11/3.11.6_1/Frameworks/Python.framework/Versions/3.11/lib/python3.11/urllib/parse.py:636:9:636:14 | ControlFlowNode for string | file:///usr/local/Cellar/python@3.11/3.11.6_1/Frameworks/Python.framework/Versions/3.11/lib/python3.11/urllib/parse.py:639:16:639:21 | ControlFlowNode for string | provenance | Config |
| file:///usr/local/Cellar/python@3.11/3.11.6_1/Frameworks/Python.framework/Versions/3.11/lib/python3.11/urllib/parse.py:636:18:636:23 | ControlFlowNode for string | file:///usr/local/Cellar/python@3.11/3.11.6_1/Frameworks/Python.framework/Versions/3.11/lib/python3.11/urllib/parse.py:636:9:636:14 | ControlFlowNode for string | provenance |  |
| file:///usr/local/Cellar/python@3.11/3.11.6_1/Frameworks/Python.framework/Versions/3.11/lib/python3.11/urllib/parse.py:637:5:637:8 | ControlFlowNode for bits | file:///usr/local/Cellar/python@3.11/3.11.6_1/Frameworks/Python.framework/Versions/3.11/lib/python3.11/urllib/parse.py:638:12:638:15 | ControlFlowNode for bits | provenance |  |
| file:///usr/local/Cellar/python@3.11/3.11.6_1/Frameworks/Python.framework/Versions/3.11/lib/python3.11/urllib/parse.py:637:5:637:8 | ControlFlowNode for bits | file:///usr/local/Cellar/python@3.11/3.11.6_1/Frameworks/Python.framework/Versions/3.11/lib/python3.11/urllib/parse.py:638:12:638:15 | ControlFlowNode for bits | provenance | Config |
| file:///usr/local/Cellar/python@3.11/3.11.6_1/Frameworks/Python.framework/Versions/3.11/lib/python3.11/urllib/parse.py:637:5:637:8 | ControlFlowNode for bits | file:///usr/local/Cellar/python@3.11/3.11.6_1/Frameworks/Python.framework/Versions/3.11/lib/python3.11/urllib/parse.py:640:12:640:15 | ControlFlowNode for bits | provenance | Config |
| file:///usr/local/Cellar/python@3.11/3.11.6_1/Frameworks/Python.framework/Versions/3.11/lib/python3.11/urllib/parse.py:637:12:637:17 | ControlFlowNode for string | file:///usr/local/Cellar/python@3.11/3.11.6_1/Frameworks/Python.framework/Versions/3.11/lib/python3.11/urllib/parse.py:637:5:637:8 | ControlFlowNode for bits | provenance |  |
| file:///usr/local/Cellar/python@3.11/3.11.6_1/Frameworks/Python.framework/Versions/3.11/lib/python3.11/urllib/parse.py:637:12:637:17 | ControlFlowNode for string | file:///usr/local/Cellar/python@3.11/3.11.6_1/Frameworks/Python.framework/Versions/3.11/lib/python3.11/urllib/parse.py:639:16:639:21 | ControlFlowNode for string | provenance |  |
| file:///usr/local/Cellar/python@3.11/3.11.6_1/Frameworks/Python.framework/Versions/3.11/lib/python3.11/urllib/parse.py:638:12:638:15 | ControlFlowNode for bits | file:///usr/local/Cellar/python@3.11/3.11.6_1/Frameworks/Python.framework/Versions/3.11/lib/python3.11/urllib/parse.py:640:12:640:15 | ControlFlowNode for bits | provenance |  |
| file:///usr/local/Cellar/python@3.11/3.11.6_1/Frameworks/Python.framework/Versions/3.11/lib/python3.11/urllib/parse.py:640:5:640:7 | ControlFlowNode for res | file:///usr/local/Cellar/python@3.11/3.11.6_1/Frameworks/Python.framework/Versions/3.11/lib/python3.11/urllib/parse.py:641:14:641:16 | ControlFlowNode for res | provenance |  |
| file:///usr/local/Cellar/python@3.11/3.11.6_1/Frameworks/Python.framework/Versions/3.11/lib/python3.11/urllib/parse.py:640:5:640:7 | ControlFlowNode for res | file:///usr/local/Cellar/python@3.11/3.11.6_1/Frameworks/Python.framework/Versions/3.11/lib/python3.11/urllib/parse.py:641:14:641:16 | ControlFlowNode for res | provenance | Config |
| file:///usr/local/Cellar/python@3.11/3.11.6_1/Frameworks/Python.framework/Versions/3.11/lib/python3.11/urllib/parse.py:640:5:640:7 | ControlFlowNode for res | file:///usr/local/Cellar/python@3.11/3.11.6_1/Frameworks/Python.framework/Versions/3.11/lib/python3.11/urllib/parse.py:655:21:655:23 | ControlFlowNode for res | provenance | Config |
| file:///usr/local/Cellar/python@3.11/3.11.6_1/Frameworks/Python.framework/Versions/3.11/lib/python3.11/urllib/parse.py:640:12:640:15 | ControlFlowNode for bits | file:///usr/local/Cellar/python@3.11/3.11.6_1/Frameworks/Python.framework/Versions/3.11/lib/python3.11/urllib/parse.py:640:5:640:7 | ControlFlowNode for res | provenance |  |
| file:///usr/local/Cellar/python@3.11/3.11.6_1/Frameworks/Python.framework/Versions/3.11/lib/python3.11/urllib/parse.py:641:14:641:16 | ControlFlowNode for res | file:///usr/local/Cellar/python@3.11/3.11.6_1/Frameworks/Python.framework/Versions/3.11/lib/python3.11/urllib/parse.py:655:21:655:23 | ControlFlowNode for res | provenance |  |
| file:///usr/local/Cellar/python@3.11/3.11.6_1/Frameworks/Python.framework/Versions/3.11/lib/python3.11/urllib/parse.py:655:21:655:23 | ControlFlowNode for res | file:///usr/local/Cellar/python@3.11/3.11.6_1/Frameworks/Python.framework/Versions/3.11/lib/python3.11/urllib/parse.py:655:12:655:24 | ControlFlowNode for Attribute() | provenance |  |
| file:///usr/local/Cellar/python@3.11/3.11.6_1/Frameworks/Python.framework/Versions/3.11/lib/python3.11/urllib/parse.py:659:13:659:18 | ControlFlowNode for string | file:///usr/local/Cellar/python@3.11/3.11.6_1/Frameworks/Python.framework/Versions/3.11/lib/python3.11/urllib/parse.py:670:33:670:38 | ControlFlowNode for string | provenance |  |
| file:///usr/local/Cellar/python@3.11/3.11.6_1/Frameworks/Python.framework/Versions/3.11/lib/python3.11/urllib/parse.py:659:13:659:18 | ControlFlowNode for string | file:///usr/local/Cellar/python@3.11/3.11.6_1/Frameworks/Python.framework/Versions/3.11/lib/python3.11/urllib/parse.py:673:16:673:21 | ControlFlowNode for string | provenance |  |
| file:///usr/local/Cellar/python@3.11/3.11.6_1/Frameworks/Python.framework/Versions/3.11/lib/python3.11/urllib/parse.py:659:13:659:18 | ControlFlowNode for string | file:///usr/local/Cellar/python@3.11/3.11.6_1/Frameworks/Python.framework/Versions/3.11/lib/python3.11/urllib/parse.py:678:27:678:32 | ControlFlowNode for string | provenance |  |
| file:///usr/local/Cellar/python@3.11/3.11.6_1/Frameworks/Python.framework/Versions/3.11/lib/python3.11/urllib/parse.py:670:16:670:39 | ControlFlowNode for unquote_to_bytes() | file:///usr/local/Cellar/python@3.11/3.11.6_1/Frameworks/Python.framework/Versions/3.11/lib/python3.11/urllib/parse.py:670:16:670:64 | ControlFlowNode for Attribute() | provenance |  |
| file:///usr/local/Cellar/python@3.11/3.11.6_1/Frameworks/Python.framework/Versions/3.11/lib/python3.11/urllib/parse.py:670:33:670:38 | ControlFlowNode for string | file:///usr/local/Cellar/python@3.11/3.11.6_1/Frameworks/Python.framework/Versions/3.11/lib/python3.11/urllib/parse.py:627:22:627:27 | ControlFlowNode for string | provenance |  |
| file:///usr/local/Cellar/python@3.11/3.11.6_1/Frameworks/Python.framework/Versions/3.11/lib/python3.11/urllib/parse.py:670:33:670:38 | ControlFlowNode for string | file:///usr/local/Cellar/python@3.11/3.11.6_1/Frameworks/Python.framework/Versions/3.11/lib/python3.11/urllib/parse.py:670:16:670:39 | ControlFlowNode for unquote_to_bytes() | provenance |  |
| file:///usr/local/Cellar/python@3.11/3.11.6_1/Frameworks/Python.framework/Versions/3.11/lib/python3.11/urllib/parse.py:670:33:670:38 | ControlFlowNode for string | file:///usr/local/Cellar/python@3.11/3.11.6_1/Frameworks/Python.framework/Versions/3.11/lib/python3.11/urllib/parse.py:670:16:670:39 | ControlFlowNode for unquote_to_bytes() | provenance | Config |
| file:///usr/local/Cellar/python@3.11/3.11.6_1/Frameworks/Python.framework/Versions/3.11/lib/python3.11/urllib/parse.py:678:5:678:8 | ControlFlowNode for bits | file:///usr/local/Cellar/python@3.11/3.11.6_1/Frameworks/Python.framework/Versions/3.11/lib/python3.11/urllib/parse.py:679:12:679:15 | ControlFlowNode for bits | provenance |  |
| file:///usr/local/Cellar/python@3.11/3.11.6_1/Frameworks/Python.framework/Versions/3.11/lib/python3.11/urllib/parse.py:678:5:678:8 | ControlFlowNode for bits | file:///usr/local/Cellar/python@3.11/3.11.6_1/Frameworks/Python.framework/Versions/3.11/lib/python3.11/urllib/parse.py:679:12:679:15 | ControlFlowNode for bits | provenance | Config |
| file:///usr/local/Cellar/python@3.11/3.11.6_1/Frameworks/Python.framework/Versions/3.11/lib/python3.11/urllib/parse.py:678:5:678:8 | ControlFlowNode for bits [List element] | file:///usr/local/Cellar/python@3.11/3.11.6_1/Frameworks/Python.framework/Versions/3.11/lib/python3.11/urllib/parse.py:679:12:679:15 | ControlFlowNode for bits [List element] | provenance |  |
| file:///usr/local/Cellar/python@3.11/3.11.6_1/Frameworks/Python.framework/Versions/3.11/lib/python3.11/urllib/parse.py:678:12:678:33 | ControlFlowNode for Attribute() | file:///usr/local/Cellar/python@3.11/3.11.6_1/Frameworks/Python.framework/Versions/3.11/lib/python3.11/urllib/parse.py:678:5:678:8 | ControlFlowNode for bits | provenance |  |
| file:///usr/local/Cellar/python@3.11/3.11.6_1/Frameworks/Python.framework/Versions/3.11/lib/python3.11/urllib/parse.py:678:12:678:33 | ControlFlowNode for Attribute() [List element] | file:///usr/local/Cellar/python@3.11/3.11.6_1/Frameworks/Python.framework/Versions/3.11/lib/python3.11/urllib/parse.py:678:5:678:8 | ControlFlowNode for bits [List element] | provenance |  |
| file:///usr/local/Cellar/python@3.11/3.11.6_1/Frameworks/Python.framework/Versions/3.11/lib/python3.11/urllib/parse.py:678:27:678:32 | ControlFlowNode for string | file:///usr/local/Cellar/python@3.11/3.11.6_1/Frameworks/Python.framework/Versions/3.11/lib/python3.11/urllib/parse.py:678:12:678:33 | ControlFlowNode for Attribute() | provenance | compiled re.split |
| file:///usr/local/Cellar/python@3.11/3.11.6_1/Frameworks/Python.framework/Versions/3.11/lib/python3.11/urllib/parse.py:678:27:678:32 | ControlFlowNode for string | file:///usr/local/Cellar/python@3.11/3.11.6_1/Frameworks/Python.framework/Versions/3.11/lib/python3.11/urllib/parse.py:678:12:678:33 | ControlFlowNode for Attribute() [List element] | provenance | compiled re.split |
| file:///usr/local/Cellar/python@3.11/3.11.6_1/Frameworks/Python.framework/Versions/3.11/lib/python3.11/urllib/parse.py:679:5:679:7 | ControlFlowNode for res | file:///usr/local/Cellar/python@3.11/3.11.6_1/Frameworks/Python.framework/Versions/3.11/lib/python3.11/urllib/parse.py:680:14:680:16 | ControlFlowNode for res | provenance |  |
| file:///usr/local/Cellar/python@3.11/3.11.6_1/Frameworks/Python.framework/Versions/3.11/lib/python3.11/urllib/parse.py:679:5:679:7 | ControlFlowNode for res | file:///usr/local/Cellar/python@3.11/3.11.6_1/Frameworks/Python.framework/Versions/3.11/lib/python3.11/urllib/parse.py:680:14:680:16 | ControlFlowNode for res | provenance | Config |
| file:///usr/local/Cellar/python@3.11/3.11.6_1/Frameworks/Python.framework/Versions/3.11/lib/python3.11/urllib/parse.py:679:5:679:7 | ControlFlowNode for res | file:///usr/local/Cellar/python@3.11/3.11.6_1/Frameworks/Python.framework/Versions/3.11/lib/python3.11/urllib/parse.py:684:20:684:22 | ControlFlowNode for res | provenance | Config |
| file:///usr/local/Cellar/python@3.11/3.11.6_1/Frameworks/Python.framework/Versions/3.11/lib/python3.11/urllib/parse.py:679:12:679:15 | ControlFlowNode for bits | file:///usr/local/Cellar/python@3.11/3.11.6_1/Frameworks/Python.framework/Versions/3.11/lib/python3.11/urllib/parse.py:679:5:679:7 | ControlFlowNode for res | provenance |  |
| file:///usr/local/Cellar/python@3.11/3.11.6_1/Frameworks/Python.framework/Versions/3.11/lib/python3.11/urllib/parse.py:679:12:679:15 | ControlFlowNode for bits [List element] | file:///usr/local/Cellar/python@3.11/3.11.6_1/Frameworks/Python.framework/Versions/3.11/lib/python3.11/urllib/parse.py:679:12:679:18 | ControlFlowNode for Subscript | provenance |  |
| file:///usr/local/Cellar/python@3.11/3.11.6_1/Frameworks/Python.framework/Versions/3.11/lib/python3.11/urllib/parse.py:679:12:679:18 | ControlFlowNode for Subscript | file:///usr/local/Cellar/python@3.11/3.11.6_1/Frameworks/Python.framework/Versions/3.11/lib/python3.11/urllib/parse.py:679:5:679:7 | ControlFlowNode for res | provenance |  |
| file:///usr/local/Cellar/python@3.11/3.11.6_1/Frameworks/Python.framework/Versions/3.11/lib/python3.11/urllib/parse.py:680:14:680:16 | ControlFlowNode for res | file:///usr/local/Cellar/python@3.11/3.11.6_1/Frameworks/Python.framework/Versions/3.11/lib/python3.11/urllib/parse.py:684:20:684:22 | ControlFlowNode for res | provenance |  |
| file:///usr/local/Cellar/python@3.11/3.11.6_1/Frameworks/Python.framework/Versions/3.11/lib/python3.11/urllib/parse.py:684:20:684:22 | ControlFlowNode for res | file:///usr/local/Cellar/python@3.11/3.11.6_1/Frameworks/Python.framework/Versions/3.11/lib/python3.11/urllib/parse.py:684:12:684:23 | ControlFlowNode for Attribute() | provenance |  |
| repro.py:10:5:10:9 | ControlFlowNode for query | repro.py:18:82:18:86 | ControlFlowNode for query | provenance | Config |
| repro.py:10:13:10:20 | ControlFlowNode for Attribute | repro.py:10:5:10:9 | ControlFlowNode for query | provenance |  |
| repro.py:12:5:12:10 | ControlFlowNode for params | repro.py:28:11:28:16 | ControlFlowNode for params | provenance |  |
| repro.py:12:5:12:10 | ControlFlowNode for params | repro.py:28:11:28:16 | ControlFlowNode for params | provenance | Config |
| repro.py:12:14:26:9 | ControlFlowNode for dict() | repro.py:12:5:12:10 | ControlFlowNode for params | provenance |  |
| repro.py:13:13:25:13 | ControlFlowNode for GeneratorExp | repro.py:12:14:26:9 | ControlFlowNode for dict() | provenance | builtins.dict |
| repro.py:15:17:21:17 | ControlFlowNode for Attribute() | repro.py:13:13:25:13 | ControlFlowNode for GeneratorExp | provenance |  |
| repro.py:16:21:20:21 | ControlFlowNode for Attribute() | file:///usr/local/Cellar/python@3.11/3.11.6_1/Frameworks/Python.framework/Versions/3.11/lib/python3.11/urllib/parse.py:659:13:659:18 | ControlFlowNode for string | provenance |  |
| repro.py:16:21:20:21 | ControlFlowNode for Attribute() | repro.py:15:17:21:17 | ControlFlowNode for Attribute() | provenance |  |
| repro.py:16:21:20:21 | ControlFlowNode for Attribute() | repro.py:15:17:21:17 | ControlFlowNode for Attribute() | provenance | Config |
| repro.py:16:21:20:21 | ControlFlowNode for Attribute() | repro.py:15:17:21:17 | ControlFlowNode for Attribute() | provenance | compiled re.split |
| repro.py:17:25:19:25 | ControlFlowNode for Attribute() | repro.py:16:21:20:21 | ControlFlowNode for Attribute() | provenance |  |
| repro.py:18:82:18:86 | ControlFlowNode for query | repro.py:17:25:19:25 | ControlFlowNode for Attribute() | provenance | re.findall |
nodes
| file:///usr/local/Cellar/python@3.11/3.11.6_1/Frameworks/Python.framework/Versions/3.11/lib/python3.11/urllib/parse.py:627:22:627:27 | ControlFlowNode for string | semmle.label | ControlFlowNode for string |
| file:///usr/local/Cellar/python@3.11/3.11.6_1/Frameworks/Python.framework/Versions/3.11/lib/python3.11/urllib/parse.py:631:12:631:17 | ControlFlowNode for string | semmle.label | ControlFlowNode for string |
| file:///usr/local/Cellar/python@3.11/3.11.6_1/Frameworks/Python.framework/Versions/3.11/lib/python3.11/urllib/parse.py:635:19:635:24 | ControlFlowNode for string | semmle.label | ControlFlowNode for string |
| file:///usr/local/Cellar/python@3.11/3.11.6_1/Frameworks/Python.framework/Versions/3.11/lib/python3.11/urllib/parse.py:636:9:636:14 | ControlFlowNode for string | semmle.label | ControlFlowNode for string |
| file:///usr/local/Cellar/python@3.11/3.11.6_1/Frameworks/Python.framework/Versions/3.11/lib/python3.11/urllib/parse.py:636:18:636:23 | ControlFlowNode for string | semmle.label | ControlFlowNode for string |
| file:///usr/local/Cellar/python@3.11/3.11.6_1/Frameworks/Python.framework/Versions/3.11/lib/python3.11/urllib/parse.py:637:5:637:8 | ControlFlowNode for bits | semmle.label | ControlFlowNode for bits |
| file:///usr/local/Cellar/python@3.11/3.11.6_1/Frameworks/Python.framework/Versions/3.11/lib/python3.11/urllib/parse.py:637:12:637:17 | ControlFlowNode for string | semmle.label | ControlFlowNode for string |
| file:///usr/local/Cellar/python@3.11/3.11.6_1/Frameworks/Python.framework/Versions/3.11/lib/python3.11/urllib/parse.py:638:12:638:15 | ControlFlowNode for bits | semmle.label | ControlFlowNode for bits |
| file:///usr/local/Cellar/python@3.11/3.11.6_1/Frameworks/Python.framework/Versions/3.11/lib/python3.11/urllib/parse.py:639:16:639:21 | ControlFlowNode for string | semmle.label | ControlFlowNode for string |
| file:///usr/local/Cellar/python@3.11/3.11.6_1/Frameworks/Python.framework/Versions/3.11/lib/python3.11/urllib/parse.py:640:5:640:7 | ControlFlowNode for res | semmle.label | ControlFlowNode for res |
| file:///usr/local/Cellar/python@3.11/3.11.6_1/Frameworks/Python.framework/Versions/3.11/lib/python3.11/urllib/parse.py:640:12:640:15 | ControlFlowNode for bits | semmle.label | ControlFlowNode for bits |
| file:///usr/local/Cellar/python@3.11/3.11.6_1/Frameworks/Python.framework/Versions/3.11/lib/python3.11/urllib/parse.py:641:14:641:16 | ControlFlowNode for res | semmle.label | ControlFlowNode for res |
| file:///usr/local/Cellar/python@3.11/3.11.6_1/Frameworks/Python.framework/Versions/3.11/lib/python3.11/urllib/parse.py:655:12:655:24 | ControlFlowNode for Attribute() | semmle.label | ControlFlowNode for Attribute() |
| file:///usr/local/Cellar/python@3.11/3.11.6_1/Frameworks/Python.framework/Versions/3.11/lib/python3.11/urllib/parse.py:655:21:655:23 | ControlFlowNode for res | semmle.label | ControlFlowNode for res |
| file:///usr/local/Cellar/python@3.11/3.11.6_1/Frameworks/Python.framework/Versions/3.11/lib/python3.11/urllib/parse.py:659:13:659:18 | ControlFlowNode for string | semmle.label | ControlFlowNode for string |
| file:///usr/local/Cellar/python@3.11/3.11.6_1/Frameworks/Python.framework/Versions/3.11/lib/python3.11/urllib/parse.py:670:16:670:39 | ControlFlowNode for unquote_to_bytes() | semmle.label | ControlFlowNode for unquote_to_bytes() |
| file:///usr/local/Cellar/python@3.11/3.11.6_1/Frameworks/Python.framework/Versions/3.11/lib/python3.11/urllib/parse.py:670:16:670:64 | ControlFlowNode for Attribute() | semmle.label | ControlFlowNode for Attribute() |
| file:///usr/local/Cellar/python@3.11/3.11.6_1/Frameworks/Python.framework/Versions/3.11/lib/python3.11/urllib/parse.py:670:33:670:38 | ControlFlowNode for string | semmle.label | ControlFlowNode for string |
| file:///usr/local/Cellar/python@3.11/3.11.6_1/Frameworks/Python.framework/Versions/3.11/lib/python3.11/urllib/parse.py:673:16:673:21 | ControlFlowNode for string | semmle.label | ControlFlowNode for string |
| file:///usr/local/Cellar/python@3.11/3.11.6_1/Frameworks/Python.framework/Versions/3.11/lib/python3.11/urllib/parse.py:678:5:678:8 | ControlFlowNode for bits | semmle.label | ControlFlowNode for bits |
| file:///usr/local/Cellar/python@3.11/3.11.6_1/Frameworks/Python.framework/Versions/3.11/lib/python3.11/urllib/parse.py:678:5:678:8 | ControlFlowNode for bits [List element] | semmle.label | ControlFlowNode for bits [List element] |
| file:///usr/local/Cellar/python@3.11/3.11.6_1/Frameworks/Python.framework/Versions/3.11/lib/python3.11/urllib/parse.py:678:12:678:33 | ControlFlowNode for Attribute() | semmle.label | ControlFlowNode for Attribute() |
| file:///usr/local/Cellar/python@3.11/3.11.6_1/Frameworks/Python.framework/Versions/3.11/lib/python3.11/urllib/parse.py:678:12:678:33 | ControlFlowNode for Attribute() [List element] | semmle.label | ControlFlowNode for Attribute() [List element] |
| file:///usr/local/Cellar/python@3.11/3.11.6_1/Frameworks/Python.framework/Versions/3.11/lib/python3.11/urllib/parse.py:678:27:678:32 | ControlFlowNode for string | semmle.label | ControlFlowNode for string |
| file:///usr/local/Cellar/python@3.11/3.11.6_1/Frameworks/Python.framework/Versions/3.11/lib/python3.11/urllib/parse.py:679:5:679:7 | ControlFlowNode for res | semmle.label | ControlFlowNode for res |
| file:///usr/local/Cellar/python@3.11/3.11.6_1/Frameworks/Python.framework/Versions/3.11/lib/python3.11/urllib/parse.py:679:12:679:15 | ControlFlowNode for bits | semmle.label | ControlFlowNode for bits |
| file:///usr/local/Cellar/python@3.11/3.11.6_1/Frameworks/Python.framework/Versions/3.11/lib/python3.11/urllib/parse.py:679:12:679:15 | ControlFlowNode for bits [List element] | semmle.label | ControlFlowNode for bits [List element] |
| file:///usr/local/Cellar/python@3.11/3.11.6_1/Frameworks/Python.framework/Versions/3.11/lib/python3.11/urllib/parse.py:679:12:679:18 | ControlFlowNode for Subscript | semmle.label | ControlFlowNode for Subscript |
| file:///usr/local/Cellar/python@3.11/3.11.6_1/Frameworks/Python.framework/Versions/3.11/lib/python3.11/urllib/parse.py:680:14:680:16 | ControlFlowNode for res | semmle.label | ControlFlowNode for res |
| file:///usr/local/Cellar/python@3.11/3.11.6_1/Frameworks/Python.framework/Versions/3.11/lib/python3.11/urllib/parse.py:684:12:684:23 | ControlFlowNode for Attribute() | semmle.label | ControlFlowNode for Attribute() |
| file:///usr/local/Cellar/python@3.11/3.11.6_1/Frameworks/Python.framework/Versions/3.11/lib/python3.11/urllib/parse.py:684:20:684:22 | ControlFlowNode for res | semmle.label | ControlFlowNode for res |
| repro.py:10:5:10:9 | ControlFlowNode for query | semmle.label | ControlFlowNode for query |
| repro.py:10:13:10:20 | ControlFlowNode for Attribute | semmle.label | ControlFlowNode for Attribute |
| repro.py:12:5:12:10 | ControlFlowNode for params | semmle.label | ControlFlowNode for params |
| repro.py:12:14:26:9 | ControlFlowNode for dict() | semmle.label | ControlFlowNode for dict() |
| repro.py:13:13:25:13 | ControlFlowNode for GeneratorExp | semmle.label | ControlFlowNode for GeneratorExp |
| repro.py:15:17:21:17 | ControlFlowNode for Attribute() | semmle.label | ControlFlowNode for Attribute() |
| repro.py:16:21:20:21 | ControlFlowNode for Attribute() | semmle.label | ControlFlowNode for Attribute() |
| repro.py:17:25:19:25 | ControlFlowNode for Attribute() | semmle.label | ControlFlowNode for Attribute() |
| repro.py:18:82:18:86 | ControlFlowNode for query | semmle.label | ControlFlowNode for query |
| repro.py:28:11:28:16 | ControlFlowNode for params | semmle.label | ControlFlowNode for params |
subpaths
| file:///usr/local/Cellar/python@3.11/3.11.6_1/Frameworks/Python.framework/Versions/3.11/lib/python3.11/urllib/parse.py:670:33:670:38 | ControlFlowNode for string | file:///usr/local/Cellar/python@3.11/3.11.6_1/Frameworks/Python.framework/Versions/3.11/lib/python3.11/urllib/parse.py:627:22:627:27 | ControlFlowNode for string | file:///usr/local/Cellar/python@3.11/3.11.6_1/Frameworks/Python.framework/Versions/3.11/lib/python3.11/urllib/parse.py:639:16:639:21 | ControlFlowNode for string | file:///usr/local/Cellar/python@3.11/3.11.6_1/Frameworks/Python.framework/Versions/3.11/lib/python3.11/urllib/parse.py:670:16:670:39 | ControlFlowNode for unquote_to_bytes() |
| file:///usr/local/Cellar/python@3.11/3.11.6_1/Frameworks/Python.framework/Versions/3.11/lib/python3.11/urllib/parse.py:670:33:670:38 | ControlFlowNode for string | file:///usr/local/Cellar/python@3.11/3.11.6_1/Frameworks/Python.framework/Versions/3.11/lib/python3.11/urllib/parse.py:627:22:627:27 | ControlFlowNode for string | file:///usr/local/Cellar/python@3.11/3.11.6_1/Frameworks/Python.framework/Versions/3.11/lib/python3.11/urllib/parse.py:655:12:655:24 | ControlFlowNode for Attribute() | file:///usr/local/Cellar/python@3.11/3.11.6_1/Frameworks/Python.framework/Versions/3.11/lib/python3.11/urllib/parse.py:670:16:670:39 | ControlFlowNode for unquote_to_bytes() |
| repro.py:16:21:20:21 | ControlFlowNode for Attribute() | file:///usr/local/Cellar/python@3.11/3.11.6_1/Frameworks/Python.framework/Versions/3.11/lib/python3.11/urllib/parse.py:659:13:659:18 | ControlFlowNode for string | file:///usr/local/Cellar/python@3.11/3.11.6_1/Frameworks/Python.framework/Versions/3.11/lib/python3.11/urllib/parse.py:670:16:670:64 | ControlFlowNode for Attribute() | repro.py:15:17:21:17 | ControlFlowNode for Attribute() |
| repro.py:16:21:20:21 | ControlFlowNode for Attribute() | file:///usr/local/Cellar/python@3.11/3.11.6_1/Frameworks/Python.framework/Versions/3.11/lib/python3.11/urllib/parse.py:659:13:659:18 | ControlFlowNode for string | file:///usr/local/Cellar/python@3.11/3.11.6_1/Frameworks/Python.framework/Versions/3.11/lib/python3.11/urllib/parse.py:673:16:673:21 | ControlFlowNode for string | repro.py:15:17:21:17 | ControlFlowNode for Attribute() |
| repro.py:16:21:20:21 | ControlFlowNode for Attribute() | file:///usr/local/Cellar/python@3.11/3.11.6_1/Frameworks/Python.framework/Versions/3.11/lib/python3.11/urllib/parse.py:659:13:659:18 | ControlFlowNode for string | file:///usr/local/Cellar/python@3.11/3.11.6_1/Frameworks/Python.framework/Versions/3.11/lib/python3.11/urllib/parse.py:684:12:684:23 | ControlFlowNode for Attribute() | repro.py:15:17:21:17 | ControlFlowNode for Attribute() |
#select
| repro.py:28:11:28:16 | ControlFlowNode for params | repro.py:10:13:10:20 | ControlFlowNode for Attribute | repro.py:28:11:28:16 | ControlFlowNode for params | This node receives taint from $@. | repro.py:10:13:10:20 | ControlFlowNode for Attribute | this source |
